21:31:27 **** Incremental Build of configuration Debug for project spi_rev3 ****
make pre-build main-build 
a9-linaro-pre-build-step
 
Building file: ../src/helloworld.c
Invoking: ARM v7 gcc compiler
arm-none-eabi-gcc -Wall -O0 -g3 -c -fmessage-length=0 -MT"src/helloworld.o" -mcpu=cortex-a9 -mfpu=vfpv3 -mfloat-abi=hard -I../../spi_rev3_bsp/ps7_cortexa9_0/include -MMD -MP -MF"src/helloworld.d" -MT"src/helloworld.o" -o "src/helloworld.o" "../src/helloworld.c"
../src/helloworld.c: In function ‘main’:
src/subdir.mk:24: recipe for target 'src/helloworld.o' failed
../src/helloworld.c:295:1: error: expected declaration or statement at end of input
 }
 ^
../src/helloworld.c:95:5: warning: unused variable ‘buffer’ [-Wunused-variable]
  u8 buffer[PAYLOAD_SIZE];
     ^
../src/helloworld.c:94:6: warning: unused variable ‘i’ [-Wunused-variable]
  int i = 0;
      ^
make: *** [src/helloworld.o] Error 1

21:31:27 Build Finished (took 146ms)

21:31:27 **** Incremental Build of configuration Release for project spi_rev3 ****
make pre-build main-build 
a9-linaro-pre-build-step
 
Building file: ../src/helloworld.c
Invoking: ARM v7 gcc compiler
arm-none-eabi-gcc -Wall -O2 -c -fmessage-length=0 -MT"src/helloworld.o" -mcpu=cortex-a9 -mfpu=vfpv3 -mfloat-abi=hard -I../../spi_rev3_bsp/ps7_cortexa9_0/include -MMD -MP -MF"src/helloworld.d" -MT"src/helloworld.o" -o "src/helloworld.o" "../src/helloworld.c"
../src/helloworld.c: In function ‘main’:
../src/helloworld.c:295:1: error: expected declaration or statement at end of input
 }
 ^
../src/helloworld.c:95:5: warning: unused variable ‘buffer’ [-Wunused-variable]
  u8 buffer[PAYLOAD_SIZE];
     ^
../src/helloworld.c:94:6: warning: unused variable ‘i’ [-Wunused-variable]
  int i = 0;
      ^
make: *** [src/helloworld.o] Error 1
src/subdir.mk:24: recipe for target 'src/helloworld.o' failed
21:32:31 **** Auto Build of configuration Debug for project spi_rev3 ****
make pre-build main-build 
a9-linaro-pre-build-step
 
Building file: ../src/helloworld.c
Invoking: ARM v7 gcc compiler
arm-none-eabi-gcc -Wall -O0 -g3 -c -fmessage-length=0 -MT"src/helloworld.o" -mcpu=cortex-a9 -mfpu=vfpv3 -mfloat-abi=hard -I../../spi_rev3_bsp/ps7_cortexa9_0/include -MMD -MP -MF"src/helloworld.d" -MT"src/helloworld.o" -o "src/helloworld.o" "../src/helloworld.c"
Finished building: ../src/helloworld.c
 
Building target: spi_rev3.elf
Invoking: ARM v7 gcc linker
arm-none-eabi-gcc -mcpu=cortex-a9 -mfpu=vfpv3 -mfloat-abi=hard -Wl,-build-id=none -specs=Xilinx.spec -Wl,-T -Wl,../src/lscript.ld -L../../spi_rev3_bsp/ps7_cortexa9_0/lib -o "spi_rev3.elf"  ./src/helloworld.o ./src/platform.o   -Wl,--start-group,-lxil,-lgcc,-lc,--end-group
Finished building target: spi_rev3.elf
 
Invoking: ARM v7 Print Size
arm-none-eabi-size spi_rev3.elf  |tee "spi_rev3.elf.size"
   text	   data	    bss	    dec	    hex	filename
  33032	   1200	  22644	  56876	   de2c	spi_rev3.elf
Finished building: spi_rev3.elf.size
 
21:32:39 **** Auto Build of configuration Debug for project spi_rev3 ****
make pre-build main-build 
a9-linaro-pre-build-step
 
Building file: ../src/helloworld.c
Invoking: ARM v7 gcc compiler
arm-none-eabi-gcc -Wall -O0 -g3 -c -fmessage-length=0 -MT"src/helloworld.o" -mcpu=cortex-a9 -mfpu=vfpv3 -mfloat-abi=hard -I../../spi_rev3_bsp/ps7_cortexa9_0/include -MMD -MP -MF"src/helloworld.d" -MT"src/helloworld.o" -o "src/helloworld.o" "../src/helloworld.c"
../src/helloworld.c: In function ‘main’:
../src/helloworld.c:95:5: warning: unused variable ‘buffer’ [-Wunused-variable]
  u8 buffer[PAYLOAD_SIZE];
     ^
Finished building: ../src/helloworld.c
 
Building target: spi_rev3.elf
Invoking: ARM v7 gcc linker
arm-none-eabi-gcc -mcpu=cortex-a9 -mfpu=vfpv3 -mfloat-abi=hard -Wl,-build-id=none -specs=Xilinx.spec -Wl,-T -Wl,../src/lscript.ld -L../../spi_rev3_bsp/ps7_cortexa9_0/lib -o "spi_rev3.elf"  ./src/helloworld.o ./src/platform.o   -Wl,--start-group,-lxil,-lgcc,-lc,--end-group
Finished building target: spi_rev3.elf
 
Invoking: ARM v7 Print Size
arm-none-eabi-size spi_rev3.elf  |tee "spi_rev3.elf.size"
   text	   data	    bss	    dec	    hex	filename
  32832	   1200	  22644	  56676	   dd64	spi_rev3.elf
Finished building: spi_rev3.elf.size
 
21:32:47 **** Auto Build of configuration Debug for project spi_rev3 ****
make pre-build main-build 
a9-linaro-pre-build-step
 
Building file: ../src/helloworld.c
Invoking: ARM v7 gcc compiler
arm-none-eabi-gcc -Wall -O0 -g3 -c -fmessage-length=0 -MT"src/helloworld.o" -mcpu=cortex-a9 -mfpu=vfpv3 -mfloat-abi=hard -I../../spi_rev3_bsp/ps7_cortexa9_0/include -MMD -MP -MF"src/helloworld.d" -MT"src/helloworld.o" -o "src/helloworld.o" "../src/helloworld.c"
Finished building: ../src/helloworld.c
 
Building target: spi_rev3.elf
Invoking: ARM v7 gcc linker
arm-none-eabi-gcc -mcpu=cortex-a9 -mfpu=vfpv3 -mfloat-abi=hard -Wl,-build-id=none -specs=Xilinx.spec -Wl,-T -Wl,../src/lscript.ld -L../../spi_rev3_bsp/ps7_cortexa9_0/lib -o "spi_rev3.elf"  ./src/helloworld.o ./src/platform.o   -Wl,--start-group,-lxil,-lgcc,-lc,--end-group
Finished building target: spi_rev3.elf
 
Invoking: ARM v7 Print Size
arm-none-eabi-size spi_rev3.elf  |tee "spi_rev3.elf.size"
   text	   data	    bss	    dec	    hex	filename
  33032	   1200	  22644	  56876	   de2c	spi_rev3.elf
Finished building: spi_rev3.elf.size
 
21:33:03 **** Incremental Build of configuration Debug for project spi_rev3 ****
make pre-build main-build 
a9-linaro-pre-build-step
 
make: Nothing to be done for 'main-build'.
21:33:53 **** Auto Build of configuration Debug for project spi_rev3 ****
make pre-build main-build 
a9-linaro-pre-build-step
 
Building file: ../src/helloworld.c
Invoking: ARM v7 gcc compiler
arm-none-eabi-gcc -Wall -O0 -g3 -c -fmessage-length=0 -MT"src/helloworld.o" -mcpu=cortex-a9 -mfpu=vfpv3 -mfloat-abi=hard -I../../spi_rev3_bsp/ps7_cortexa9_0/include -MMD -MP -MF"src/helloworld.d" -MT"src/helloworld.o" -o "src/helloworld.o" "../src/helloworld.c"
Finished building: ../src/helloworld.c
 
Building target: spi_rev3.elf
Invoking: ARM v7 gcc linker
arm-none-eabi-gcc -mcpu=cortex-a9 -mfpu=vfpv3 -mfloat-abi=hard -Wl,-build-id=none -specs=Xilinx.spec -Wl,-T -Wl,../src/lscript.ld -L../../spi_rev3_bsp/ps7_cortexa9_0/lib -o "spi_rev3.elf"  ./src/helloworld.o ./src/platform.o   -Wl,--start-group,-lxil,-lgcc,-lc,--end-group
Finished building target: spi_rev3.elf
 
Invoking: ARM v7 Print Size
arm-none-eabi-size spi_rev3.elf  |tee "spi_rev3.elf.size"
   text	   data	    bss	    dec	    hex	filename
  33040	   1200	  22644	  56884	   de34	spi_rev3.elf
Finished building: spi_rev3.elf.size
 
21:33:54 **** Incremental Build of configuration Debug for project spi_rev3 ****
make pre-build main-build 
a9-linaro-pre-build-step
 
make: Nothing to be done for 'main-build'.
21:34:58 **** Incremental Build of configuration Debug for project spi_rev2 ****
make pre-build main-build 
a9-linaro-pre-build-step
 
make: Nothing to be done for 'main-build'.
21:36:32 **** Incremental Build of configuration Debug for project spi_rev2 ****
make pre-build main-build 
a9-linaro-pre-build-step
 
make: Nothing to be done for 'main-build'.
21:41:24 **** Incremental Build of configuration Debug for project spi_rev2 ****
make pre-build main-build 
a9-linaro-pre-build-step
 
make: Nothing to be done for 'main-build'.
21:48:09 **** Incremental Build of configuration Debug for project spi_rev2 ****
make pre-build main-build 
a9-linaro-pre-build-step
 
make: Nothing to be done for 'main-build'.
13:03:16 **** Incremental Build of configuration Debug for project hello_world ****
make pre-build main-build 
a9-linaro-pre-build-step
 
make: Nothing to be done for 'main-build'.
13:03:17 **** Incremental Build of configuration Debug for project spi_rev2 ****
make pre-build main-build 
a9-linaro-pre-build-step
 
make: Nothing to be done for 'main-build'.
13:03:18 **** Incremental Build of configuration Debug for project spi_rev2_bsp_xspips_flash_intr_example_1 ****
make pre-build main-build 
a9-linaro-pre-build-step
 
make: Nothing to be done for 'main-build'.
13:03:19 **** Incremental Build of configuration Debug for project spi_rev3 ****
make pre-build main-build 
a9-linaro-pre-build-step
 
make: Nothing to be done for 'main-build'.
13:03:19 **** Incremental Build of configuration Debug for project spi_test ****
make pre-build main-build 
a9-linaro-pre-build-step
 
make: Nothing to be done for 'main-build'.
13:03:56 **** Incremental Build of configuration Debug for project spi_rev2 ****
make pre-build main-build 
a9-linaro-pre-build-step
 
make: Nothing to be done for 'main-build'.
13:15:37 **** Incremental Build of configuration Debug for project spi_rev2 ****
make pre-build main-build 
a9-linaro-pre-build-step
 
make: Nothing to be done for 'main-build'.
13:16:39 **** Auto Build of configuration Debug for project spi_rev2 ****
make pre-build main-build 
a9-linaro-pre-build-step
 
Building file: ../src/helloworld.c
Invoking: ARM v7 gcc compiler
arm-none-eabi-gcc -Wall -O0 -g3 -c -fmessage-length=0 -MT"src/helloworld.o" -mcpu=cortex-a9 -mfpu=vfpv3 -mfloat-abi=hard -I../../spi_rev2_bsp/ps7_cortexa9_0/include -MMD -MP -MF"src/helloworld.d" -MT"src/helloworld.o" -o "src/helloworld.o" "../src/helloworld.c"
Finished building: ../src/helloworld.c
 
Building target: spi_rev2.elf
Invoking: ARM v7 gcc linker
arm-none-eabi-gcc -mcpu=cortex-a9 -mfpu=vfpv3 -mfloat-abi=hard -Wl,-build-id=none -specs=Xilinx.spec -Wl,-T -Wl,../src/lscript.ld -L../../spi_rev2_bsp/ps7_cortexa9_0/lib -o "spi_rev2.elf"  ./src/helloworld.o ./src/platform.o   -Wl,--start-group,-lxil,-lgcc,-lc,--end-group
Finished building target: spi_rev2.elf
 
Invoking: ARM v7 Print Size
arm-none-eabi-size spi_rev2.elf  |tee "spi_rev2.elf.size"
   text	   data	    bss	    dec	    hex	filename
  32972	   1200	  22644	  56816	   ddf0	spi_rev2.elf
Finished building: spi_rev2.elf.size
 
13:16:41 **** Incremental Build of configuration Debug for project spi_rev2 ****
make pre-build main-build 
a9-linaro-pre-build-step
 
make: Nothing to be done for 'main-build'.
13:17:35 **** Auto Build of configuration Debug for project spi_rev3 ****
make pre-build main-build 
a9-linaro-pre-build-step
 
Building file: ../src/helloworld.c
Invoking: ARM v7 gcc compiler
arm-none-eabi-gcc -Wall -O0 -g3 -c -fmessage-length=0 -MT"src/helloworld.o" -mcpu=cortex-a9 -mfpu=vfpv3 -mfloat-abi=hard -I../../spi_rev3_bsp/ps7_cortexa9_0/include -MMD -MP -MF"src/helloworld.d" -MT"src/helloworld.o" -o "src/helloworld.o" "../src/helloworld.c"
Finished building: ../src/helloworld.c
 
Building target: spi_rev3.elf
Invoking: ARM v7 gcc linker
arm-none-eabi-gcc -mcpu=cortex-a9 -mfpu=vfpv3 -mfloat-abi=hard -Wl,-build-id=none -specs=Xilinx.spec -Wl,-T -Wl,../src/lscript.ld -L../../spi_rev3_bsp/ps7_cortexa9_0/lib -o "spi_rev3.elf"  ./src/helloworld.o ./src/platform.o   -Wl,--start-group,-lxil,-lgcc,-lc,--end-group
Finished building target: spi_rev3.elf
 
Invoking: ARM v7 Print Size
arm-none-eabi-size spi_rev3.elf  |tee "spi_rev3.elf.size"
   text	   data	    bss	    dec	    hex	filename
  33056	   1200	  22644	  56900	   de44	spi_rev3.elf
Finished building: spi_rev3.elf.size
 
13:17:45 **** Auto Build of configuration Debug for project spi_rev3 ****
make pre-build main-build 
a9-linaro-pre-build-step
 
Building file: ../src/helloworld.c
Invoking: ARM v7 gcc compiler
arm-none-eabi-gcc -Wall -O0 -g3 -c -fmessage-length=0 -MT"src/helloworld.o" -mcpu=cortex-a9 -mfpu=vfpv3 -mfloat-abi=hard -I../../spi_rev3_bsp/ps7_cortexa9_0/include -MMD -MP -MF"src/helloworld.d" -MT"src/helloworld.o" -o "src/helloworld.o" "../src/helloworld.c"
Finished building: ../src/helloworld.c
 
Building target: spi_rev3.elf
Invoking: ARM v7 gcc linker
arm-none-eabi-gcc -mcpu=cortex-a9 -mfpu=vfpv3 -mfloat-abi=hard -Wl,-build-id=none -specs=Xilinx.spec -Wl,-T -Wl,../src/lscript.ld -L../../spi_rev3_bsp/ps7_cortexa9_0/lib -o "spi_rev3.elf"  ./src/helloworld.o ./src/platform.o   -Wl,--start-group,-lxil,-lgcc,-lc,--end-group
Finished building target: spi_rev3.elf
 
Invoking: ARM v7 Print Size
arm-none-eabi-size spi_rev3.elf  |tee "spi_rev3.elf.size"
   text	   data	    bss	    dec	    hex	filename
  33040	   1200	  22644	  56884	   de34	spi_rev3.elf
Finished building: spi_rev3.elf.size
 
13:17:53 **** Incremental Build of configuration Debug for project spi_rev3 ****
make pre-build main-build 
a9-linaro-pre-build-step
 
make: Nothing to be done for 'main-build'.
13:21:30 **** Auto Build of configuration Debug for project spi_rev2 ****
make pre-build main-build 
a9-linaro-pre-build-step
 
Building file: ../src/helloworld.c
Invoking: ARM v7 gcc compiler
arm-none-eabi-gcc -Wall -O0 -g3 -c -fmessage-length=0 -MT"src/helloworld.o" -mcpu=cortex-a9 -mfpu=vfpv3 -mfloat-abi=hard -I../../spi_rev2_bsp/ps7_cortexa9_0/include -MMD -MP -MF"src/helloworld.d" -MT"src/helloworld.o" -o "src/helloworld.o" "../src/helloworld.c"
../src/helloworld.c: In function ‘main’:
../src/helloworld.c:89:5: warning: unused variable ‘buffer’ [-Wunused-variable]
  u8 buffer[PAYLOAD_SIZE];
     ^
Finished building: ../src/helloworld.c
 
Building target: spi_rev2.elf
Invoking: ARM v7 gcc linker
arm-none-eabi-gcc -mcpu=cortex-a9 -mfpu=vfpv3 -mfloat-abi=hard -Wl,-build-id=none -specs=Xilinx.spec -Wl,-T -Wl,../src/lscript.ld -L../../spi_rev2_bsp/ps7_cortexa9_0/lib -o "spi_rev2.elf"  ./src/helloworld.o ./src/platform.o   -Wl,--start-group,-lxil,-lgcc,-lc,--end-group
Finished building target: spi_rev2.elf
 
Invoking: ARM v7 Print Size
arm-none-eabi-size spi_rev2.elf  |tee "spi_rev2.elf.size"
   text	   data	    bss	    dec	    hex	filename
  32852	   1200	  22644	  56696	   dd78	spi_rev2.elf
Finished building: spi_rev2.elf.size
 
13:21:32 **** Incremental Build of configuration Debug for project spi_rev2 ****
make pre-build main-build 
a9-linaro-pre-build-step
 
make: Nothing to be done for 'main-build'.
13:22:05 **** Auto Build of configuration Debug for project spi_rev2 ****
make pre-build main-build 
a9-linaro-pre-build-step
 
Building file: ../src/helloworld.c
Invoking: ARM v7 gcc compiler
arm-none-eabi-gcc -Wall -O0 -g3 -c -fmessage-length=0 -MT"src/helloworld.o" -mcpu=cortex-a9 -mfpu=vfpv3 -mfloat-abi=hard -I../../spi_rev2_bsp/ps7_cortexa9_0/include -MMD -MP -MF"src/helloworld.d" -MT"src/helloworld.o" -o "src/helloworld.o" "../src/helloworld.c"
../src/helloworld.c: In function ‘main’:
../src/helloworld.c:89:5: warning: unused variable ‘buffer’ [-Wunused-variable]
  u8 buffer[PAYLOAD_SIZE];
     ^
Finished building: ../src/helloworld.c
 
Building target: spi_rev2.elf
Invoking: ARM v7 gcc linker
arm-none-eabi-gcc -mcpu=cortex-a9 -mfpu=vfpv3 -mfloat-abi=hard -Wl,-build-id=none -specs=Xilinx.spec -Wl,-T -Wl,../src/lscript.ld -L../../spi_rev2_bsp/ps7_cortexa9_0/lib -o "spi_rev2.elf"  ./src/helloworld.o ./src/platform.o   -Wl,--start-group,-lxil,-lgcc,-lc,--end-group
Finished building target: spi_rev2.elf
 
Invoking: ARM v7 Print Size
arm-none-eabi-size spi_rev2.elf  |tee "spi_rev2.elf.size"
   text	   data	    bss	    dec	    hex	filename
  32852	   1200	  22644	  56696	   dd78	spi_rev2.elf
Finished building: spi_rev2.elf.size
 
13:22:07 **** Incremental Build of configuration Debug for project spi_rev2 ****
make pre-build main-build 
a9-linaro-pre-build-step
 
make: Nothing to be done for 'main-build'.
13:23:00 **** Auto Build of configuration Debug for project spi_rev2 ****
make pre-build main-build 
a9-linaro-pre-build-step
 
Building file: ../src/helloworld.c
Invoking: ARM v7 gcc compiler
arm-none-eabi-gcc -Wall -O0 -g3 -c -fmessage-length=0 -MT"src/helloworld.o" -mcpu=cortex-a9 -mfpu=vfpv3 -mfloat-abi=hard -I../../spi_rev2_bsp/ps7_cortexa9_0/include -MMD -MP -MF"src/helloworld.d" -MT"src/helloworld.o" -o "src/helloworld.o" "../src/helloworld.c"
../src/helloworld.c: In function ‘main’:
../src/helloworld.c:89:5: warning: unused variable ‘buffer’ [-Wunused-variable]
  u8 buffer[PAYLOAD_SIZE];
     ^
Finished building: ../src/helloworld.c
 
Building target: spi_rev2.elf
Invoking: ARM v7 gcc linker
arm-none-eabi-gcc -mcpu=cortex-a9 -mfpu=vfpv3 -mfloat-abi=hard -Wl,-build-id=none -specs=Xilinx.spec -Wl,-T -Wl,../src/lscript.ld -L../../spi_rev2_bsp/ps7_cortexa9_0/lib -o "spi_rev2.elf"  ./src/helloworld.o ./src/platform.o   -Wl,--start-group,-lxil,-lgcc,-lc,--end-group
Finished building target: spi_rev2.elf
 
Invoking: ARM v7 Print Size
arm-none-eabi-size spi_rev2.elf  |tee "spi_rev2.elf.size"
   text	   data	    bss	    dec	    hex	filename
  32852	   1200	  22644	  56696	   dd78	spi_rev2.elf
Finished building: spi_rev2.elf.size
 
13:23:02 **** Incremental Build of configuration Debug for project spi_rev2 ****
make pre-build main-build 
a9-linaro-pre-build-step
 
make: Nothing to be done for 'main-build'.
13:23:42 **** Auto Build of configuration Debug for project spi_rev2 ****
make pre-build main-build 
a9-linaro-pre-build-step
 
Building file: ../src/helloworld.c
Invoking: ARM v7 gcc compiler
arm-none-eabi-gcc -Wall -O0 -g3 -c -fmessage-length=0 -MT"src/helloworld.o" -mcpu=cortex-a9 -mfpu=vfpv3 -mfloat-abi=hard -I../../spi_rev2_bsp/ps7_cortexa9_0/include -MMD -MP -MF"src/helloworld.d" -MT"src/helloworld.o" -o "src/helloworld.o" "../src/helloworld.c"
../src/helloworld.c: In function ‘main’:
../src/helloworld.c:89:5: warning: unused variable ‘buffer’ [-Wunused-variable]
  u8 buffer[PAYLOAD_SIZE];
     ^
Finished building: ../src/helloworld.c
 
Building target: spi_rev2.elf
Invoking: ARM v7 gcc linker
arm-none-eabi-gcc -mcpu=cortex-a9 -mfpu=vfpv3 -mfloat-abi=hard -Wl,-build-id=none -specs=Xilinx.spec -Wl,-T -Wl,../src/lscript.ld -L../../spi_rev2_bsp/ps7_cortexa9_0/lib -o "spi_rev2.elf"  ./src/helloworld.o ./src/platform.o   -Wl,--start-group,-lxil,-lgcc,-lc,--end-group
Finished building target: spi_rev2.elf
 
Invoking: ARM v7 Print Size
arm-none-eabi-size spi_rev2.elf  |tee "spi_rev2.elf.size"
   text	   data	    bss	    dec	    hex	filename
  32852	   1200	  22644	  56696	   dd78	spi_rev2.elf
Finished building: spi_rev2.elf.size
 
13:23:44 **** Incremental Build of configuration Debug for project spi_rev2 ****
make pre-build main-build 
a9-linaro-pre-build-step
 
make: Nothing to be done for 'main-build'.
13:43:55 **** Incremental Build of configuration Debug for project spi_rev2 ****
make pre-build main-build 
a9-linaro-pre-build-step
 
make: Nothing to be done for 'main-build'.
13:44:54 **** Incremental Build of configuration Debug for project spi_rev2 ****
make pre-build main-build 
a9-linaro-pre-build-step
 
make: Nothing to be done for 'main-build'.
13:45:25 **** Auto Build of configuration Debug for project spi_rev2 ****
make pre-build main-build 
a9-linaro-pre-build-step
 
Building file: ../src/helloworld.c
Invoking: ARM v7 gcc compiler
arm-none-eabi-gcc -Wall -O0 -g3 -c -fmessage-length=0 -MT"src/helloworld.o" -mcpu=cortex-a9 -mfpu=vfpv3 -mfloat-abi=hard -I../../spi_rev2_bsp/ps7_cortexa9_0/include -MMD -MP -MF"src/helloworld.d" -MT"src/helloworld.o" -o "src/helloworld.o" "../src/helloworld.c"
../src/helloworld.c: In function ‘main’:
../src/helloworld.c:89:5: warning: unused variable ‘buffer’ [-Wunused-variable]
  u8 buffer[PAYLOAD_SIZE];
     ^
Finished building: ../src/helloworld.c
 
Building target: spi_rev2.elf
Invoking: ARM v7 gcc linker
arm-none-eabi-gcc -mcpu=cortex-a9 -mfpu=vfpv3 -mfloat-abi=hard -Wl,-build-id=none -specs=Xilinx.spec -Wl,-T -Wl,../src/lscript.ld -L../../spi_rev2_bsp/ps7_cortexa9_0/lib -o "spi_rev2.elf"  ./src/helloworld.o ./src/platform.o   -Wl,--start-group,-lxil,-lgcc,-lc,--end-group
Finished building target: spi_rev2.elf
 
Invoking: ARM v7 Print Size
arm-none-eabi-size spi_rev2.elf  |tee "spi_rev2.elf.size"
   text	   data	    bss	    dec	    hex	filename
  32852	   1200	  22644	  56696	   dd78	spi_rev2.elf
Finished building: spi_rev2.elf.size
 
13:45:30 **** Incremental Build of configuration Debug for project spi_rev2 ****
make pre-build main-build 
a9-linaro-pre-build-step
 
make: Nothing to be done for 'main-build'.
13:46:12 **** Auto Build of configuration Debug for project spi_rev2 ****
make pre-build main-build 
a9-linaro-pre-build-step
 
Building file: ../src/helloworld.c
Invoking: ARM v7 gcc compiler
arm-none-eabi-gcc -Wall -O0 -g3 -c -fmessage-length=0 -MT"src/helloworld.o" -mcpu=cortex-a9 -mfpu=vfpv3 -mfloat-abi=hard -I../../spi_rev2_bsp/ps7_cortexa9_0/include -MMD -MP -MF"src/helloworld.d" -MT"src/helloworld.o" -o "src/helloworld.o" "../src/helloworld.c"
Finished building: ../src/helloworld.c
 
Building target: spi_rev2.elf
Invoking: ARM v7 gcc linker
arm-none-eabi-gcc -mcpu=cortex-a9 -mfpu=vfpv3 -mfloat-abi=hard -Wl,-build-id=none -specs=Xilinx.spec -Wl,-T -Wl,../src/lscript.ld -L../../spi_rev2_bsp/ps7_cortexa9_0/lib -o "spi_rev2.elf"  ./src/helloworld.o ./src/platform.o   -Wl,--start-group,-lxil,-lgcc,-lc,--end-group
Finished building target: spi_rev2.elf
 
Invoking: ARM v7 Print Size
arm-none-eabi-size spi_rev2.elf  |tee "spi_rev2.elf.size"
   text	   data	    bss	    dec	    hex	filename
  32972	   1200	  22644	  56816	   ddf0	spi_rev2.elf
Finished building: spi_rev2.elf.size
 
13:46:13 **** Incremental Build of configuration Debug for project spi_rev2 ****
make pre-build main-build 
a9-linaro-pre-build-step
 
make: Nothing to be done for 'main-build'.
13:46:32 **** Auto Build of configuration Debug for project spi_rev2 ****
make pre-build main-build 
a9-linaro-pre-build-step
 
Building file: ../src/helloworld.c
Invoking: ARM v7 gcc compiler
arm-none-eabi-gcc -Wall -O0 -g3 -c -fmessage-length=0 -MT"src/helloworld.o" -mcpu=cortex-a9 -mfpu=vfpv3 -mfloat-abi=hard -I../../spi_rev2_bsp/ps7_cortexa9_0/include -MMD -MP -MF"src/helloworld.d" -MT"src/helloworld.o" -o "src/helloworld.o" "../src/helloworld.c"
Finished building: ../src/helloworld.c
 
Building target: spi_rev2.elf
Invoking: ARM v7 gcc linker
arm-none-eabi-gcc -mcpu=cortex-a9 -mfpu=vfpv3 -mfloat-abi=hard -Wl,-build-id=none -specs=Xilinx.spec -Wl,-T -Wl,../src/lscript.ld -L../../spi_rev2_bsp/ps7_cortexa9_0/lib -o "spi_rev2.elf"  ./src/helloworld.o ./src/platform.o   -Wl,--start-group,-lxil,-lgcc,-lc,--end-group
Finished building target: spi_rev2.elf
 
Invoking: ARM v7 Print Size
arm-none-eabi-size spi_rev2.elf  |tee "spi_rev2.elf.size"
   text	   data	    bss	    dec	    hex	filename
  32972	   1200	  22644	  56816	   ddf0	spi_rev2.elf
Finished building: spi_rev2.elf.size
 
13:46:35 **** Incremental Build of configuration Debug for project spi_rev2 ****
make pre-build main-build 
a9-linaro-pre-build-step
 
make: Nothing to be done for 'main-build'.
14:07:38 **** Incremental Build of configuration Debug for project spi_rev2 ****
make pre-build main-build 
a9-linaro-pre-build-step
 
make: Nothing to be done for 'main-build'.
14:12:33 **** Incremental Build of configuration Debug for project spi_rev3 ****
make pre-build main-build 
a9-linaro-pre-build-step
 
make: Nothing to be done for 'main-build'.
14:13:34 **** Auto Build of configuration Debug for project spi_rev3 ****
make pre-build main-build 
a9-linaro-pre-build-step
 
Building file: ../src/helloworld.c
Invoking: ARM v7 gcc compiler
arm-none-eabi-gcc -Wall -O0 -g3 -c -fmessage-length=0 -MT"src/helloworld.o" -mcpu=cortex-a9 -mfpu=vfpv3 -mfloat-abi=hard -I../../spi_rev3_bsp/ps7_cortexa9_0/include -MMD -MP -MF"src/helloworld.d" -MT"src/helloworld.o" -o "src/helloworld.o" "../src/helloworld.c"
Finished building: ../src/helloworld.c
 
Building target: spi_rev3.elf
Invoking: ARM v7 gcc linker
arm-none-eabi-gcc -mcpu=cortex-a9 -mfpu=vfpv3 -mfloat-abi=hard -Wl,-build-id=none -specs=Xilinx.spec -Wl,-T -Wl,../src/lscript.ld -L../../spi_rev3_bsp/ps7_cortexa9_0/lib -o "spi_rev3.elf"  ./src/helloworld.o ./src/platform.o   -Wl,--start-group,-lxil,-lgcc,-lc,--end-group
Finished building target: spi_rev3.elf
 
Invoking: ARM v7 Print Size
arm-none-eabi-size spi_rev3.elf  |tee "spi_rev3.elf.size"
   text	   data	    bss	    dec	    hex	filename
  33032	   1200	  22644	  56876	   de2c	spi_rev3.elf
Finished building: spi_rev3.elf.size
 
14:13:47 **** Auto Build of configuration Debug for project spi_rev3 ****
make pre-build main-build 
a9-linaro-pre-build-step
 
Building file: ../src/helloworld.c
Invoking: ARM v7 gcc compiler
arm-none-eabi-gcc -Wall -O0 -g3 -c -fmessage-length=0 -MT"src/helloworld.o" -mcpu=cortex-a9 -mfpu=vfpv3 -mfloat-abi=hard -I../../spi_rev3_bsp/ps7_cortexa9_0/include -MMD -MP -MF"src/helloworld.d" -MT"src/helloworld.o" -o "src/helloworld.o" "../src/helloworld.c"
Finished building: ../src/helloworld.c
 
Building target: spi_rev3.elf
Invoking: ARM v7 gcc linker
arm-none-eabi-gcc -mcpu=cortex-a9 -mfpu=vfpv3 -mfloat-abi=hard -Wl,-build-id=none -specs=Xilinx.spec -Wl,-T -Wl,../src/lscript.ld -L../../spi_rev3_bsp/ps7_cortexa9_0/lib -o "spi_rev3.elf"  ./src/helloworld.o ./src/platform.o   -Wl,--start-group,-lxil,-lgcc,-lc,--end-group
Finished building target: spi_rev3.elf
 
Invoking: ARM v7 Print Size
arm-none-eabi-size spi_rev3.elf  |tee "spi_rev3.elf.size"
   text	   data	    bss	    dec	    hex	filename
  33032	   1200	  22644	  56876	   de2c	spi_rev3.elf
Finished building: spi_rev3.elf.size
 
14:13:48 **** Incremental Build of configuration Debug for project spi_rev3 ****
make pre-build main-build 
a9-linaro-pre-build-step
 
make: Nothing to be done for 'main-build'.
14:14:24 **** Auto Build of configuration Debug for project spi_rev3 ****
make pre-build main-build 
a9-linaro-pre-build-step
 
Building file: ../src/helloworld.c
Invoking: ARM v7 gcc compiler
arm-none-eabi-gcc -Wall -O0 -g3 -c -fmessage-length=0 -MT"src/helloworld.o" -mcpu=cortex-a9 -mfpu=vfpv3 -mfloat-abi=hard -I../../spi_rev3_bsp/ps7_cortexa9_0/include -MMD -MP -MF"src/helloworld.d" -MT"src/helloworld.o" -o "src/helloworld.o" "../src/helloworld.c"
../src/helloworld.c: In function ‘main’:
../src/helloworld.c:96:6: warning: unused variable ‘counter’ [-Wunused-variable]
  int counter;
      ^
Finished building: ../src/helloworld.c
 
Building target: spi_rev3.elf
Invoking: ARM v7 gcc linker
arm-none-eabi-gcc -mcpu=cortex-a9 -mfpu=vfpv3 -mfloat-abi=hard -Wl,-build-id=none -specs=Xilinx.spec -Wl,-T -Wl,../src/lscript.ld -L../../spi_rev3_bsp/ps7_cortexa9_0/lib -o "spi_rev3.elf"  ./src/helloworld.o ./src/platform.o   -Wl,--start-group,-lxil,-lgcc,-lc,--end-group
Finished building target: spi_rev3.elf
 
Invoking: ARM v7 Print Size
arm-none-eabi-size spi_rev3.elf  |tee "spi_rev3.elf.size"
   text	   data	    bss	    dec	    hex	filename
  33032	   1200	  22644	  56876	   de2c	spi_rev3.elf
Finished building: spi_rev3.elf.size
 
14:14:34 **** Auto Build of configuration Debug for project spi_rev3 ****
make pre-build main-build 
a9-linaro-pre-build-step
 
Building file: ../src/helloworld.c
Invoking: ARM v7 gcc compiler
arm-none-eabi-gcc -Wall -O0 -g3 -c -fmessage-length=0 -MT"src/helloworld.o" -mcpu=cortex-a9 -mfpu=vfpv3 -mfloat-abi=hard -I../../spi_rev3_bsp/ps7_cortexa9_0/include -MMD -MP -MF"src/helloworld.d" -MT"src/helloworld.o" -o "src/helloworld.o" "../src/helloworld.c"
Finished building: ../src/helloworld.c
 
Building target: spi_rev3.elf
Invoking: ARM v7 gcc linker
arm-none-eabi-gcc -mcpu=cortex-a9 -mfpu=vfpv3 -mfloat-abi=hard -Wl,-build-id=none -specs=Xilinx.spec -Wl,-T -Wl,../src/lscript.ld -L../../spi_rev3_bsp/ps7_cortexa9_0/lib -o "spi_rev3.elf"  ./src/helloworld.o ./src/platform.o   -Wl,--start-group,-lxil,-lgcc,-lc,--end-group
Finished building target: spi_rev3.elf
 
Invoking: ARM v7 Print Size
arm-none-eabi-size spi_rev3.elf  |tee "spi_rev3.elf.size"
   text	   data	    bss	    dec	    hex	filename
  33032	   1200	  22644	  56876	   de2c	spi_rev3.elf
Finished building: spi_rev3.elf.size
 
14:14:52 **** Auto Build of configuration Debug for project spi_rev3 ****
make pre-build main-build 
a9-linaro-pre-build-step
 
Building file: ../src/helloworld.c
Invoking: ARM v7 gcc compiler
arm-none-eabi-gcc -Wall -O0 -g3 -c -fmessage-length=0 -MT"src/helloworld.o" -mcpu=cortex-a9 -mfpu=vfpv3 -mfloat-abi=hard -I../../spi_rev3_bsp/ps7_cortexa9_0/include -MMD -MP -MF"src/helloworld.d" -MT"src/helloworld.o" -o "src/helloworld.o" "../src/helloworld.c"
Finished building: ../src/helloworld.c
 
Building target: spi_rev3.elf
Invoking: ARM v7 gcc linker
arm-none-eabi-gcc -mcpu=cortex-a9 -mfpu=vfpv3 -mfloat-abi=hard -Wl,-build-id=none -specs=Xilinx.spec -Wl,-T -Wl,../src/lscript.ld -L../../spi_rev3_bsp/ps7_cortexa9_0/lib -o "spi_rev3.elf"  ./src/helloworld.o ./src/platform.o   -Wl,--start-group,-lxil,-lgcc,-lc,--end-group
Finished building target: spi_rev3.elf
 
Invoking: ARM v7 Print Size
arm-none-eabi-size spi_rev3.elf  |tee "spi_rev3.elf.size"
   text	   data	    bss	    dec	    hex	filename
  32960	   1200	  22644	  56804	   dde4	spi_rev3.elf
Finished building: spi_rev3.elf.size
 
14:14:53 **** Incremental Build of configuration Debug for project spi_rev3 ****
make pre-build main-build 
a9-linaro-pre-build-step
 
make: Nothing to be done for 'main-build'.
14:15:17 **** Auto Build of configuration Debug for project spi_rev3 ****
make pre-build main-build 
a9-linaro-pre-build-step
 
Building file: ../src/helloworld.c
Invoking: ARM v7 gcc compiler
arm-none-eabi-gcc -Wall -O0 -g3 -c -fmessage-length=0 -MT"src/helloworld.o" -mcpu=cortex-a9 -mfpu=vfpv3 -mfloat-abi=hard -I../../spi_rev3_bsp/ps7_cortexa9_0/include -MMD -MP -MF"src/helloworld.d" -MT"src/helloworld.o" -o "src/helloworld.o" "../src/helloworld.c"
Finished building: ../src/helloworld.c
 
Building target: spi_rev3.elf
Invoking: ARM v7 gcc linker
arm-none-eabi-gcc -mcpu=cortex-a9 -mfpu=vfpv3 -mfloat-abi=hard -Wl,-build-id=none -specs=Xilinx.spec -Wl,-T -Wl,../src/lscript.ld -L../../spi_rev3_bsp/ps7_cortexa9_0/lib -o "spi_rev3.elf"  ./src/helloworld.o ./src/platform.o   -Wl,--start-group,-lxil,-lgcc,-lc,--end-group
Finished building target: spi_rev3.elf
 
Invoking: ARM v7 Print Size
arm-none-eabi-size spi_rev3.elf  |tee "spi_rev3.elf.size"
   text	   data	    bss	    dec	    hex	filename
  32972	   1200	  22644	  56816	   ddf0	spi_rev3.elf
Finished building: spi_rev3.elf.size
 
14:15:18 **** Incremental Build of configuration Debug for project spi_rev3 ****
make pre-build main-build 
a9-linaro-pre-build-step
 
make: Nothing to be done for 'main-build'.
14:16:02 **** Auto Build of configuration Debug for project spi_rev3 ****
make pre-build main-build 
a9-linaro-pre-build-step
 
Building file: ../src/helloworld.c
Invoking: ARM v7 gcc compiler
arm-none-eabi-gcc -Wall -O0 -g3 -c -fmessage-length=0 -MT"src/helloworld.o" -mcpu=cortex-a9 -mfpu=vfpv3 -mfloat-abi=hard -I../../spi_rev3_bsp/ps7_cortexa9_0/include -MMD -MP -MF"src/helloworld.d" -MT"src/helloworld.o" -o "src/helloworld.o" "../src/helloworld.c"
Finished building: ../src/helloworld.c
 
Building target: spi_rev3.elf
Invoking: ARM v7 gcc linker
arm-none-eabi-gcc -mcpu=cortex-a9 -mfpu=vfpv3 -mfloat-abi=hard -Wl,-build-id=none -specs=Xilinx.spec -Wl,-T -Wl,../src/lscript.ld -L../../spi_rev3_bsp/ps7_cortexa9_0/lib -o "spi_rev3.elf"  ./src/helloworld.o ./src/platform.o   -Wl,--start-group,-lxil,-lgcc,-lc,--end-group
Finished building target: spi_rev3.elf
 
Invoking: ARM v7 Print Size
arm-none-eabi-size spi_rev3.elf  |tee "spi_rev3.elf.size"
   text	   data	    bss	    dec	    hex	filename
  32960	   1200	  22644	  56804	   dde4	spi_rev3.elf
Finished building: spi_rev3.elf.size
 
14:16:12 **** Auto Build of configuration Debug for project spi_rev3 ****
make pre-build main-build 
a9-linaro-pre-build-step
 
Building file: ../src/helloworld.c
Invoking: ARM v7 gcc compiler
arm-none-eabi-gcc -Wall -O0 -g3 -c -fmessage-length=0 -MT"src/helloworld.o" -mcpu=cortex-a9 -mfpu=vfpv3 -mfloat-abi=hard -I../../spi_rev3_bsp/ps7_cortexa9_0/include -MMD -MP -MF"src/helloworld.d" -MT"src/helloworld.o" -o "src/helloworld.o" "../src/helloworld.c"
../src/helloworld.c: In function ‘main’:
../src/helloworld.c:109:6: warning: "/*" within comment [-Wcomment]
      /*
 ^
../src/helloworld.c:115:34: error: ‘counter’ undeclared (first use in this function)
      xil_printf("count: %d\r\n", counter);
src/subdir.mk:24: recipe for target 'src/helloworld.o' failed
                                  ^
../src/helloworld.c:115:34: note: each undeclared identifier is reported only once for each function it appears in
../src/helloworld.c:95:5: warning: unused variable ‘buffer’ [-Wunused-variable]
  u8 buffer[PAYLOAD_SIZE];
     ^
../src/helloworld.c: At top level:
../src/helloworld.c:119:5: error: expected identifier or ‘(’ before ‘for’
     for (Delay = 0; Delay < 10000; Delay++);
     ^
../src/helloworld.c:119:27: error: expected ‘=’, ‘,’, ‘;’, ‘asm’ or ‘__attribute__’ before ‘<’ token
     for (Delay = 0; Delay < 10000; Delay++);
                           ^
../src/helloworld.c:119:41: error: expected ‘=’, ‘,’, ‘;’, ‘asm’ or ‘__attribute__’ before ‘++’ token
     for (Delay = 0; Delay < 10000; Delay++);
                                         ^
../src/helloworld.c:120:3: error: expected identifier or ‘(’ before ‘}’ token
   }
   ^
../src/helloworld.c:121:2: error: expected identifier or ‘(’ before ‘/’ token
 */
  ^
../src/helloworld.c:145:5: error: expected identifier or ‘(’ before ‘return’
     return 0;
     ^
../src/helloworld.c:146:1: error: expected identifier or ‘(’ before ‘}’ token
 }
 ^
../src/helloworld.c: In function ‘main’:
../src/helloworld.c:117:5: warning: control reaches end of non-void function [-Wreturn-type]
     }
     ^
make: *** [src/helloworld.o] Error 1
14:16:24 **** Auto Build of configuration Debug for project spi_rev3 ****
make pre-build main-build 
a9-linaro-pre-build-step
 
Building file: ../src/helloworld.c
Invoking: ARM v7 gcc compiler
arm-none-eabi-gcc -Wall -O0 -g3 -c -fmessage-length=0 -MT"src/helloworld.o" -mcpu=cortex-a9 -mfpu=vfpv3 -mfloat-abi=hard -I../../spi_rev3_bsp/ps7_cortexa9_0/include -MMD -MP -MF"src/helloworld.d" -MT"src/helloworld.o" -o "src/helloworld.o" "../src/helloworld.c"
Finished building: ../src/helloworld.c
 
Building target: spi_rev3.elf
Invoking: ARM v7 gcc linker
arm-none-eabi-gcc -mcpu=cortex-a9 -mfpu=vfpv3 -mfloat-abi=hard -Wl,-build-id=none -specs=Xilinx.spec -Wl,-T -Wl,../src/lscript.ld -L../../spi_rev3_bsp/ps7_cortexa9_0/lib -o "spi_rev3.elf"  ./src/helloworld.o ./src/platform.o   -Wl,--start-group,-lxil,-lgcc,-lc,--end-group
Finished building target: spi_rev3.elf
 
Invoking: ARM v7 Print Size
arm-none-eabi-size spi_rev3.elf  |tee "spi_rev3.elf.size"
   text	   data	    bss	    dec	    hex	filename
  33032	   1200	  22644	  56876	   de2c	spi_rev3.elf
Finished building: spi_rev3.elf.size
 
14:16:36 **** Auto Build of configuration Debug for project spi_rev3 ****
make pre-build main-build 
a9-linaro-pre-build-step
 
Building file: ../src/helloworld.c
Invoking: ARM v7 gcc compiler
arm-none-eabi-gcc -Wall -O0 -g3 -c -fmessage-length=0 -MT"src/helloworld.o" -mcpu=cortex-a9 -mfpu=vfpv3 -mfloat-abi=hard -I../../spi_rev3_bsp/ps7_cortexa9_0/include -MMD -MP -MF"src/helloworld.d" -MT"src/helloworld.o" -o "src/helloworld.o" "../src/helloworld.c"
Finished building: ../src/helloworld.c
 
Building target: spi_rev3.elf
Invoking: ARM v7 gcc linker
arm-none-eabi-gcc -mcpu=cortex-a9 -mfpu=vfpv3 -mfloat-abi=hard -Wl,-build-id=none -specs=Xilinx.spec -Wl,-T -Wl,../src/lscript.ld -L../../spi_rev3_bsp/ps7_cortexa9_0/lib -o "spi_rev3.elf"  ./src/helloworld.o ./src/platform.o   -Wl,--start-group,-lxil,-lgcc,-lc,--end-group
Finished building target: spi_rev3.elf
 
Invoking: ARM v7 Print Size
arm-none-eabi-size spi_rev3.elf  |tee "spi_rev3.elf.size"
   text	   data	    bss	    dec	    hex	filename
  33032	   1200	  22644	  56876	   de2c	spi_rev3.elf
Finished building: spi_rev3.elf.size
 
14:16:39 **** Incremental Build of configuration Debug for project spi_rev3 ****
make pre-build main-build 
a9-linaro-pre-build-step
 
make: Nothing to be done for 'main-build'.
14:17:46 **** Auto Build of configuration Debug for project spi_rev3 ****
make pre-build main-build 
a9-linaro-pre-build-step
 
Building file: ../src/helloworld.c
Invoking: ARM v7 gcc compiler
arm-none-eabi-gcc -Wall -O0 -g3 -c -fmessage-length=0 -MT"src/helloworld.o" -mcpu=cortex-a9 -mfpu=vfpv3 -mfloat-abi=hard -I../../spi_rev3_bsp/ps7_cortexa9_0/include -MMD -MP -MF"src/helloworld.d" -MT"src/helloworld.o" -o "src/helloworld.o" "../src/helloworld.c"
Finished building: ../src/helloworld.c
 
Building target: spi_rev3.elf
Invoking: ARM v7 gcc linker
arm-none-eabi-gcc -mcpu=cortex-a9 -mfpu=vfpv3 -mfloat-abi=hard -Wl,-build-id=none -specs=Xilinx.spec -Wl,-T -Wl,../src/lscript.ld -L../../spi_rev3_bsp/ps7_cortexa9_0/lib -o "spi_rev3.elf"  ./src/helloworld.o ./src/platform.o   -Wl,--start-group,-lxil,-lgcc,-lc,--end-group
Finished building target: spi_rev3.elf
 
Invoking: ARM v7 Print Size
arm-none-eabi-size spi_rev3.elf  |tee "spi_rev3.elf.size"
   text	   data	    bss	    dec	    hex	filename
  32960	   1200	  22644	  56804	   dde4	spi_rev3.elf
Finished building: spi_rev3.elf.size
 
14:17:59 **** Auto Build of configuration Debug for project spi_rev3 ****
make pre-build main-build 
a9-linaro-pre-build-step
 
Building file: ../src/helloworld.c
Invoking: ARM v7 gcc compiler
arm-none-eabi-gcc -Wall -O0 -g3 -c -fmessage-length=0 -MT"src/helloworld.o" -mcpu=cortex-a9 -mfpu=vfpv3 -mfloat-abi=hard -I../../spi_rev3_bsp/ps7_cortexa9_0/include -MMD -MP -MF"src/helloworld.d" -MT"src/helloworld.o" -o "src/helloworld.o" "../src/helloworld.c"
Finished building: ../src/helloworld.c
 
Building target: spi_rev3.elf
Invoking: ARM v7 gcc linker
arm-none-eabi-gcc -mcpu=cortex-a9 -mfpu=vfpv3 -mfloat-abi=hard -Wl,-build-id=none -specs=Xilinx.spec -Wl,-T -Wl,../src/lscript.ld -L../../spi_rev3_bsp/ps7_cortexa9_0/lib -o "spi_rev3.elf"  ./src/helloworld.o ./src/platform.o   -Wl,--start-group,-lxil,-lgcc,-lc,--end-group
Finished building target: spi_rev3.elf
 
Invoking: ARM v7 Print Size
arm-none-eabi-size spi_rev3.elf  |tee "spi_rev3.elf.size"
   text	   data	    bss	    dec	    hex	filename
  32960	   1200	  22644	  56804	   dde4	spi_rev3.elf
Finished building: spi_rev3.elf.size
 
14:18:03 **** Auto Build of configuration Debug for project spi_rev3 ****
make pre-build main-build 
a9-linaro-pre-build-step
 
Building file: ../src/helloworld.c
Invoking: ARM v7 gcc compiler
arm-none-eabi-gcc -Wall -O0 -g3 -c -fmessage-length=0 -MT"src/helloworld.o" -mcpu=cortex-a9 -mfpu=vfpv3 -mfloat-abi=hard -I../../spi_rev3_bsp/ps7_cortexa9_0/include -MMD -MP -MF"src/helloworld.d" -MT"src/helloworld.o" -o "src/helloworld.o" "../src/helloworld.c"
Finished building: ../src/helloworld.c
 
Building target: spi_rev3.elf
Invoking: ARM v7 gcc linker
arm-none-eabi-gcc -mcpu=cortex-a9 -mfpu=vfpv3 -mfloat-abi=hard -Wl,-build-id=none -specs=Xilinx.spec -Wl,-T -Wl,../src/lscript.ld -L../../spi_rev3_bsp/ps7_cortexa9_0/lib -o "spi_rev3.elf"  ./src/helloworld.o ./src/platform.o   -Wl,--start-group,-lxil,-lgcc,-lc,--end-group
Finished building target: spi_rev3.elf
 
Invoking: ARM v7 Print Size
arm-none-eabi-size spi_rev3.elf  |tee "spi_rev3.elf.size"
   text	   data	    bss	    dec	    hex	filename
  32960	   1200	  22644	  56804	   dde4	spi_rev3.elf
Finished building: spi_rev3.elf.size
 
14:18:21 **** Auto Build of configuration Debug for project spi_rev3 ****
make pre-build main-build 
a9-linaro-pre-build-step
 
Building file: ../src/helloworld.c
Invoking: ARM v7 gcc compiler
arm-none-eabi-gcc -Wall -O0 -g3 -c -fmessage-length=0 -MT"src/helloworld.o" -mcpu=cortex-a9 -mfpu=vfpv3 -mfloat-abi=hard -I../../spi_rev3_bsp/ps7_cortexa9_0/include -MMD -MP -MF"src/helloworld.d" -MT"src/helloworld.o" -o "src/helloworld.o" "../src/helloworld.c"
../src/helloworld.c: In function ‘main’:
../src/helloworld.c:97:6: warning: variable ‘breaker’ set but not used [-Wunused-but-set-variable]
  int breaker = 0;
      ^
Finished building: ../src/helloworld.c
 
Building target: spi_rev3.elf
Invoking: ARM v7 gcc linker
arm-none-eabi-gcc -mcpu=cortex-a9 -mfpu=vfpv3 -mfloat-abi=hard -Wl,-build-id=none -specs=Xilinx.spec -Wl,-T -Wl,../src/lscript.ld -L../../spi_rev3_bsp/ps7_cortexa9_0/lib -o "spi_rev3.elf"  ./src/helloworld.o ./src/platform.o   -Wl,--start-group,-lxil,-lgcc,-lc,--end-group
Finished building target: spi_rev3.elf
 
Invoking: ARM v7 Print Size
arm-none-eabi-size spi_rev3.elf  |tee "spi_rev3.elf.size"
   text	   data	    bss	    dec	    hex	filename
  32960	   1200	  22644	  56804	   dde4	spi_rev3.elf
Finished building: spi_rev3.elf.size
 
14:18:36 **** Auto Build of configuration Debug for project spi_rev3 ****
make pre-build main-build 
a9-linaro-pre-build-step
 
Building file: ../src/helloworld.c
Invoking: ARM v7 gcc compiler
arm-none-eabi-gcc -Wall -O0 -g3 -c -fmessage-length=0 -MT"src/helloworld.o" -mcpu=cortex-a9 -mfpu=vfpv3 -mfloat-abi=hard -I../../spi_rev3_bsp/ps7_cortexa9_0/include -MMD -MP -MF"src/helloworld.d" -MT"src/helloworld.o" -o "src/helloworld.o" "../src/helloworld.c"
Finished building: ../src/helloworld.c
 
Building target: spi_rev3.elf
Invoking: ARM v7 gcc linker
arm-none-eabi-gcc -mcpu=cortex-a9 -mfpu=vfpv3 -mfloat-abi=hard -Wl,-build-id=none -specs=Xilinx.spec -Wl,-T -Wl,../src/lscript.ld -L../../spi_rev3_bsp/ps7_cortexa9_0/lib -o "spi_rev3.elf"  ./src/helloworld.o ./src/platform.o   -Wl,--start-group,-lxil,-lgcc,-lc,--end-group
Finished building target: spi_rev3.elf
 
Invoking: ARM v7 Print Size
arm-none-eabi-size spi_rev3.elf  |tee "spi_rev3.elf.size"
   text	   data	    bss	    dec	    hex	filename
  33024	   1200	  22644	  56868	   de24	spi_rev3.elf
Finished building: spi_rev3.elf.size
 
14:18:55 **** Auto Build of configuration Debug for project spi_rev3 ****
make pre-build main-build 
a9-linaro-pre-build-step
 
Building file: ../src/helloworld.c
Invoking: ARM v7 gcc compiler
arm-none-eabi-gcc -Wall -O0 -g3 -c -fmessage-length=0 -MT"src/helloworld.o" -mcpu=cortex-a9 -mfpu=vfpv3 -mfloat-abi=hard -I../../spi_rev3_bsp/ps7_cortexa9_0/include -MMD -MP -MF"src/helloworld.d" -MT"src/helloworld.o" -o "src/helloworld.o" "../src/helloworld.c"
Finished building: ../src/helloworld.c
 
Building target: spi_rev3.elf
Invoking: ARM v7 gcc linker
arm-none-eabi-gcc -mcpu=cortex-a9 -mfpu=vfpv3 -mfloat-abi=hard -Wl,-build-id=none -specs=Xilinx.spec -Wl,-T -Wl,../src/lscript.ld -L../../spi_rev3_bsp/ps7_cortexa9_0/lib -o "spi_rev3.elf"  ./src/helloworld.o ./src/platform.o   -Wl,--start-group,-lxil,-lgcc,-lc,--end-group
Finished building target: spi_rev3.elf
 
Invoking: ARM v7 Print Size
arm-none-eabi-size spi_rev3.elf  |tee "spi_rev3.elf.size"
   text	   data	    bss	    dec	    hex	filename
  33036	   1200	  22644	  56880	   de30	spi_rev3.elf
Finished building: spi_rev3.elf.size
 
14:18:56 **** Incremental Build of configuration Debug for project spi_rev3 ****
make pre-build main-build 
a9-linaro-pre-build-step
 
make: Nothing to be done for 'main-build'.
14:19:38 **** Auto Build of configuration Debug for project spi_rev3 ****
make pre-build main-build 
a9-linaro-pre-build-step
 
Building file: ../src/helloworld.c
Invoking: ARM v7 gcc compiler
arm-none-eabi-gcc -Wall -O0 -g3 -c -fmessage-length=0 -MT"src/helloworld.o" -mcpu=cortex-a9 -mfpu=vfpv3 -mfloat-abi=hard -I../../spi_rev3_bsp/ps7_cortexa9_0/include -MMD -MP -MF"src/helloworld.d" -MT"src/helloworld.o" -o "src/helloworld.o" "../src/helloworld.c"
Finished building: ../src/helloworld.c
 
Building target: spi_rev3.elf
Invoking: ARM v7 gcc linker
arm-none-eabi-gcc -mcpu=cortex-a9 -mfpu=vfpv3 -mfloat-abi=hard -Wl,-build-id=none -specs=Xilinx.spec -Wl,-T -Wl,../src/lscript.ld -L../../spi_rev3_bsp/ps7_cortexa9_0/lib -o "spi_rev3.elf"  ./src/helloworld.o ./src/platform.o   -Wl,--start-group,-lxil,-lgcc,-lc,--end-group
Finished building target: spi_rev3.elf
 
Invoking: ARM v7 Print Size
arm-none-eabi-size spi_rev3.elf  |tee "spi_rev3.elf.size"
   text	   data	    bss	    dec	    hex	filename
  33036	   1200	  22644	  56880	   de30	spi_rev3.elf
Finished building: spi_rev3.elf.size
 
14:19:44 **** Incremental Build of configuration Debug for project spi_rev3 ****
make pre-build main-build 
a9-linaro-pre-build-step
 
make: Nothing to be done for 'main-build'.
14:20:38 **** Auto Build of configuration Debug for project spi_rev3 ****
make pre-build main-build 
a9-linaro-pre-build-step
 
Building file: ../src/helloworld.c
Invoking: ARM v7 gcc compiler
arm-none-eabi-gcc -Wall -O0 -g3 -c -fmessage-length=0 -MT"src/helloworld.o" -mcpu=cortex-a9 -mfpu=vfpv3 -mfloat-abi=hard -I../../spi_rev3_bsp/ps7_cortexa9_0/include -MMD -MP -MF"src/helloworld.d" -MT"src/helloworld.o" -o "src/helloworld.o" "../src/helloworld.c"
../src/helloworld.c: In function ‘main’:
../src/helloworld.c:97:6: warning: unused variable ‘breaker’ [-Wunused-variable]
  int breaker = 0;
      ^
Finished building: ../src/helloworld.c
 
Building target: spi_rev3.elf
Invoking: ARM v7 gcc linker
arm-none-eabi-gcc -mcpu=cortex-a9 -mfpu=vfpv3 -mfloat-abi=hard -Wl,-build-id=none -specs=Xilinx.spec -Wl,-T -Wl,../src/lscript.ld -L../../spi_rev3_bsp/ps7_cortexa9_0/lib -o "spi_rev3.elf"  ./src/helloworld.o ./src/platform.o   -Wl,--start-group,-lxil,-lgcc,-lc,--end-group
Finished building target: spi_rev3.elf
 
Invoking: ARM v7 Print Size
arm-none-eabi-size spi_rev3.elf  |tee "spi_rev3.elf.size"
   text	   data	    bss	    dec	    hex	filename
  32972	   1200	  22644	  56816	   ddf0	spi_rev3.elf
Finished building: spi_rev3.elf.size
 
14:20:41 **** Auto Build of configuration Debug for project spi_rev3 ****
make pre-build main-build 
a9-linaro-pre-build-step
 
Building file: ../src/helloworld.c
Invoking: ARM v7 gcc compiler
arm-none-eabi-gcc -Wall -O0 -g3 -c -fmessage-length=0 -MT"src/helloworld.o" -mcpu=cortex-a9 -mfpu=vfpv3 -mfloat-abi=hard -I../../spi_rev3_bsp/ps7_cortexa9_0/include -MMD -MP -MF"src/helloworld.d" -MT"src/helloworld.o" -o "src/helloworld.o" "../src/helloworld.c"
../src/helloworld.c: In function ‘main’:
../src/helloworld.c:97:6: warning: unused variable ‘breaker’ [-Wunused-variable]
  int breaker = 0;
      ^
Finished building: ../src/helloworld.c
 
Building target: spi_rev3.elf
Invoking: ARM v7 gcc linker
arm-none-eabi-gcc -mcpu=cortex-a9 -mfpu=vfpv3 -mfloat-abi=hard -Wl,-build-id=none -specs=Xilinx.spec -Wl,-T -Wl,../src/lscript.ld -L../../spi_rev3_bsp/ps7_cortexa9_0/lib -o "spi_rev3.elf"  ./src/helloworld.o ./src/platform.o   -Wl,--start-group,-lxil,-lgcc,-lc,--end-group
Finished building target: spi_rev3.elf
 
Invoking: ARM v7 Print Size
arm-none-eabi-size spi_rev3.elf  |tee "spi_rev3.elf.size"
   text	   data	    bss	    dec	    hex	filename
  32972	   1200	  22644	  56816	   ddf0	spi_rev3.elf
Finished building: spi_rev3.elf.size
 
14:20:44 **** Incremental Build of configuration Debug for project spi_rev3 ****
make pre-build main-build 
a9-linaro-pre-build-step
 
make: Nothing to be done for 'main-build'.
14:20:48 **** Auto Build of configuration Debug for project spi_rev3 ****
make pre-build main-build 
a9-linaro-pre-build-step
 
Building file: ../src/helloworld.c
Invoking: ARM v7 gcc compiler
arm-none-eabi-gcc -Wall -O0 -g3 -c -fmessage-length=0 -MT"src/helloworld.o" -mcpu=cortex-a9 -mfpu=vfpv3 -mfloat-abi=hard -I../../spi_rev3_bsp/ps7_cortexa9_0/include -MMD -MP -MF"src/helloworld.d" -MT"src/helloworld.o" -o "src/helloworld.o" "../src/helloworld.c"
../src/helloworld.c: In function ‘main’:
../src/helloworld.c:97:6: warning: unused variable ‘breaker’ [-Wunused-variable]
  int breaker = 0;
      ^
Finished building: ../src/helloworld.c
 
Building target: spi_rev3.elf
Invoking: ARM v7 gcc linker
arm-none-eabi-gcc -mcpu=cortex-a9 -mfpu=vfpv3 -mfloat-abi=hard -Wl,-build-id=none -specs=Xilinx.spec -Wl,-T -Wl,../src/lscript.ld -L../../spi_rev3_bsp/ps7_cortexa9_0/lib -o "spi_rev3.elf"  ./src/helloworld.o ./src/platform.o   -Wl,--start-group,-lxil,-lgcc,-lc,--end-group
Finished building target: spi_rev3.elf
 
Invoking: ARM v7 Print Size
arm-none-eabi-size spi_rev3.elf  |tee "spi_rev3.elf.size"
   text	   data	    bss	    dec	    hex	filename
  32972	   1200	  22644	  56816	   ddf0	spi_rev3.elf
Finished building: spi_rev3.elf.size
 
14:20:49 **** Incremental Build of configuration Debug for project spi_rev3 ****
make pre-build main-build 
a9-linaro-pre-build-step
 
make: Nothing to be done for 'main-build'.
14:20:55 **** Incremental Build of configuration Debug for project spi_rev3 ****
make pre-build main-build 
a9-linaro-pre-build-step
 
make: Nothing to be done for 'main-build'.
14:21:47 **** Auto Build of configuration Debug for project spi_rev3 ****
make pre-build main-build 
a9-linaro-pre-build-step
 
Building file: ../src/helloworld.c
Invoking: ARM v7 gcc compiler
arm-none-eabi-gcc -Wall -O0 -g3 -c -fmessage-length=0 -MT"src/helloworld.o" -mcpu=cortex-a9 -mfpu=vfpv3 -mfloat-abi=hard -I../../spi_rev3_bsp/ps7_cortexa9_0/include -MMD -MP -MF"src/helloworld.d" -MT"src/helloworld.o" -o "src/helloworld.o" "../src/helloworld.c"
../src/helloworld.c: In function ‘main’:
../src/helloworld.c:97:6: warning: unused variable ‘breaker’ [-Wunused-variable]
  int breaker = 0;
      ^
Finished building: ../src/helloworld.c
 
Building target: spi_rev3.elf
Invoking: ARM v7 gcc linker
arm-none-eabi-gcc -mcpu=cortex-a9 -mfpu=vfpv3 -mfloat-abi=hard -Wl,-build-id=none -specs=Xilinx.spec -Wl,-T -Wl,../src/lscript.ld -L../../spi_rev3_bsp/ps7_cortexa9_0/lib -o "spi_rev3.elf"  ./src/helloworld.o ./src/platform.o   -Wl,--start-group,-lxil,-lgcc,-lc,--end-group
Finished building target: spi_rev3.elf
 
Invoking: ARM v7 Print Size
arm-none-eabi-size spi_rev3.elf  |tee "spi_rev3.elf.size"
   text	   data	    bss	    dec	    hex	filename
  32972	   1200	  22644	  56816	   ddf0	spi_rev3.elf
Finished building: spi_rev3.elf.size
 
14:21:48 **** Incremental Build of configuration Debug for project spi_rev3 ****
make pre-build main-build 
a9-linaro-pre-build-step
 
make: Nothing to be done for 'main-build'.
14:23:42 **** Auto Build of configuration Debug for project spi_rev3 ****
make pre-build main-build 
a9-linaro-pre-build-step
 
Building file: ../src/helloworld.c
Invoking: ARM v7 gcc compiler
arm-none-eabi-gcc -Wall -O0 -g3 -c -fmessage-length=0 -MT"src/helloworld.o" -mcpu=cortex-a9 -mfpu=vfpv3 -mfloat-abi=hard -I../../spi_rev3_bsp/ps7_cortexa9_0/include -MMD -MP -MF"src/helloworld.d" -MT"src/helloworld.o" -o "src/helloworld.o" "../src/helloworld.c"
../src/helloworld.c: In function ‘main’:
../src/helloworld.c:97:6: warning: unused variable ‘breaker’ [-Wunused-variable]
  int breaker = 0;
      ^
Finished building: ../src/helloworld.c
 
Building target: spi_rev3.elf
Invoking: ARM v7 gcc linker
arm-none-eabi-gcc -mcpu=cortex-a9 -mfpu=vfpv3 -mfloat-abi=hard -Wl,-build-id=none -specs=Xilinx.spec -Wl,-T -Wl,../src/lscript.ld -L../../spi_rev3_bsp/ps7_cortexa9_0/lib -o "spi_rev3.elf"  ./src/helloworld.o ./src/platform.o   -Wl,--start-group,-lxil,-lgcc,-lc,--end-group
Finished building target: spi_rev3.elf
 
Invoking: ARM v7 Print Size
arm-none-eabi-size spi_rev3.elf  |tee "spi_rev3.elf.size"
   text	   data	    bss	    dec	    hex	filename
  32972	   1200	  22644	  56816	   ddf0	spi_rev3.elf
Finished building: spi_rev3.elf.size
 
14:26:08 **** Incremental Build of configuration Debug for project spi_rev3 ****
make pre-build main-build 
a9-linaro-pre-build-step
 
make: Nothing to be done for 'main-build'.
14:27:54 **** Incremental Build of configuration Debug for project spi_rev3 ****
make pre-build main-build 
a9-linaro-pre-build-step
 
make: Nothing to be done for 'main-build'.
14:28:30 **** Incremental Build of configuration Debug for project spi_rev3 ****
make pre-build main-build 
a9-linaro-pre-build-step
 
make: Nothing to be done for 'main-build'.
14:30:33 **** Incremental Build of configuration Debug for project spi_rev3 ****
make pre-build main-build 
a9-linaro-pre-build-step
 
make: Nothing to be done for 'main-build'.
14:31:45 **** Incremental Build of configuration Debug for project spi_rev3 ****
make pre-build main-build 
a9-linaro-pre-build-step
 
make: Nothing to be done for 'main-build'.
14:35:18 **** Auto Build of configuration Debug for project spi_rev3 ****
make pre-build main-build 
a9-linaro-pre-build-step
 
Building file: ../src/helloworld.c
Invoking: ARM v7 gcc compiler
arm-none-eabi-gcc -Wall -O0 -g3 -c -fmessage-length=0 -MT"src/helloworld.o" -mcpu=cortex-a9 -mfpu=vfpv3 -mfloat-abi=hard -I../../spi_rev3_bsp/ps7_cortexa9_0/include -MMD -MP -MF"src/helloworld.d" -MT"src/helloworld.o" -o "src/helloworld.o" "../src/helloworld.c"
../src/helloworld.c: In function ‘main’:
../src/helloworld.c:97:6: warning: unused variable ‘breaker’ [-Wunused-variable]
  int breaker = 0;
      ^
Finished building: ../src/helloworld.c
 
Building target: spi_rev3.elf
Invoking: ARM v7 gcc linker
arm-none-eabi-gcc -mcpu=cortex-a9 -mfpu=vfpv3 -mfloat-abi=hard -Wl,-build-id=none -specs=Xilinx.spec -Wl,-T -Wl,../src/lscript.ld -L../../spi_rev3_bsp/ps7_cortexa9_0/lib -o "spi_rev3.elf"  ./src/helloworld.o ./src/platform.o   -Wl,--start-group,-lxil,-lgcc,-lc,--end-group
Finished building target: spi_rev3.elf
 
Invoking: ARM v7 Print Size
arm-none-eabi-size spi_rev3.elf  |tee "spi_rev3.elf.size"
   text	   data	    bss	    dec	    hex	filename
  33040	   1200	  22644	  56884	   de34	spi_rev3.elf
Finished building: spi_rev3.elf.size
 
14:35:19 **** Incremental Build of configuration Debug for project spi_rev3 ****
make pre-build main-build 
a9-linaro-pre-build-step
 
make: Nothing to be done for 'main-build'.
14:38:41 **** Auto Build of configuration Debug for project spi_rev3 ****
make pre-build main-build 
a9-linaro-pre-build-step
 
Building file: ../src/helloworld.c
Invoking: ARM v7 gcc compiler
arm-none-eabi-gcc -Wall -O0 -g3 -c -fmessage-length=0 -MT"src/helloworld.o" -mcpu=cortex-a9 -mfpu=vfpv3 -mfloat-abi=hard -I../../spi_rev3_bsp/ps7_cortexa9_0/include -MMD -MP -MF"src/helloworld.d" -MT"src/helloworld.o" -o "src/helloworld.o" "../src/helloworld.c"
../src/helloworld.c: In function ‘main’:
../src/helloworld.c:97:6: warning: unused variable ‘breaker’ [-Wunused-variable]
  int breaker = 0;
      ^
Finished building: ../src/helloworld.c
 
Building target: spi_rev3.elf
Invoking: ARM v7 gcc linker
arm-none-eabi-gcc -mcpu=cortex-a9 -mfpu=vfpv3 -mfloat-abi=hard -Wl,-build-id=none -specs=Xilinx.spec -Wl,-T -Wl,../src/lscript.ld -L../../spi_rev3_bsp/ps7_cortexa9_0/lib -o "spi_rev3.elf"  ./src/helloworld.o ./src/platform.o   -Wl,--start-group,-lxil,-lgcc,-lc,--end-group
Finished building target: spi_rev3.elf
 
Invoking: ARM v7 Print Size
arm-none-eabi-size spi_rev3.elf  |tee "spi_rev3.elf.size"
   text	   data	    bss	    dec	    hex	filename
  33040	   1200	  22644	  56884	   de34	spi_rev3.elf
Finished building: spi_rev3.elf.size
 
14:38:45 **** Auto Build of configuration Debug for project spi_rev3 ****
make pre-build main-build 
a9-linaro-pre-build-step
 
Building file: ../src/helloworld.c
Invoking: ARM v7 gcc compiler
arm-none-eabi-gcc -Wall -O0 -g3 -c -fmessage-length=0 -MT"src/helloworld.o" -mcpu=cortex-a9 -mfpu=vfpv3 -mfloat-abi=hard -I../../spi_rev3_bsp/ps7_cortexa9_0/include -MMD -MP -MF"src/helloworld.d" -MT"src/helloworld.o" -o "src/helloworld.o" "../src/helloworld.c"
../src/helloworld.c: In function ‘main’:
../src/helloworld.c:97:6: warning: unused variable ‘breaker’ [-Wunused-variable]
  int breaker = 0;
      ^
Finished building: ../src/helloworld.c
 
Building target: spi_rev3.elf
Invoking: ARM v7 gcc linker
arm-none-eabi-gcc -mcpu=cortex-a9 -mfpu=vfpv3 -mfloat-abi=hard -Wl,-build-id=none -specs=Xilinx.spec -Wl,-T -Wl,../src/lscript.ld -L../../spi_rev3_bsp/ps7_cortexa9_0/lib -o "spi_rev3.elf"  ./src/helloworld.o ./src/platform.o   -Wl,--start-group,-lxil,-lgcc,-lc,--end-group
Finished building target: spi_rev3.elf
 
Invoking: ARM v7 Print Size
arm-none-eabi-size spi_rev3.elf  |tee "spi_rev3.elf.size"
   text	   data	    bss	    dec	    hex	filename
  33040	   1200	  22644	  56884	   de34	spi_rev3.elf
Finished building: spi_rev3.elf.size
 
14:38:46 **** Incremental Build of configuration Debug for project spi_rev3 ****
make pre-build main-build 
a9-linaro-pre-build-step
 
make: Nothing to be done for 'main-build'.
14:39:31 **** Auto Build of configuration Debug for project spi_rev3 ****
make pre-build main-build 
a9-linaro-pre-build-step
 
Building file: ../src/helloworld.c
Invoking: ARM v7 gcc compiler
arm-none-eabi-gcc -Wall -O0 -g3 -c -fmessage-length=0 -MT"src/helloworld.o" -mcpu=cortex-a9 -mfpu=vfpv3 -mfloat-abi=hard -I../../spi_rev3_bsp/ps7_cortexa9_0/include -MMD -MP -MF"src/helloworld.d" -MT"src/helloworld.o" -o "src/helloworld.o" "../src/helloworld.c"
../src/helloworld.c: In function ‘main’:
../src/helloworld.c:97:6: warning: unused variable ‘breaker’ [-Wunused-variable]
  int breaker = 0;
      ^
Finished building: ../src/helloworld.c
 
Building target: spi_rev3.elf
Invoking: ARM v7 gcc linker
arm-none-eabi-gcc -mcpu=cortex-a9 -mfpu=vfpv3 -mfloat-abi=hard -Wl,-build-id=none -specs=Xilinx.spec -Wl,-T -Wl,../src/lscript.ld -L../../spi_rev3_bsp/ps7_cortexa9_0/lib -o "spi_rev3.elf"  ./src/helloworld.o ./src/platform.o   -Wl,--start-group,-lxil,-lgcc,-lc,--end-group
Finished building target: spi_rev3.elf
 
Invoking: ARM v7 Print Size
arm-none-eabi-size spi_rev3.elf  |tee "spi_rev3.elf.size"
   text	   data	    bss	    dec	    hex	filename
  33040	   1200	  22644	  56884	   de34	spi_rev3.elf
Finished building: spi_rev3.elf.size
 
14:39:55 **** Auto Build of configuration Debug for project spi_rev3 ****
make pre-build main-build 
a9-linaro-pre-build-step
 
Building file: ../src/helloworld.c
Invoking: ARM v7 gcc compiler
arm-none-eabi-gcc -Wall -O0 -g3 -c -fmessage-length=0 -MT"src/helloworld.o" -mcpu=cortex-a9 -mfpu=vfpv3 -mfloat-abi=hard -I../../spi_rev3_bsp/ps7_cortexa9_0/include -MMD -MP -MF"src/helloworld.d" -MT"src/helloworld.o" -o "src/helloworld.o" "../src/helloworld.c"
Finished building: ../src/helloworld.c
 
Building target: spi_rev3.elf
Invoking: ARM v7 gcc linker
arm-none-eabi-gcc -mcpu=cortex-a9 -mfpu=vfpv3 -mfloat-abi=hard -Wl,-build-id=none -specs=Xilinx.spec -Wl,-T -Wl,../src/lscript.ld -L../../spi_rev3_bsp/ps7_cortexa9_0/lib -o "spi_rev3.elf"  ./src/helloworld.o ./src/platform.o   -Wl,--start-group,-lxil,-lgcc,-lc,--end-group
Finished building target: spi_rev3.elf
 
Invoking: ARM v7 Print Size
arm-none-eabi-size spi_rev3.elf  |tee "spi_rev3.elf.size"
   text	   data	    bss	    dec	    hex	filename
  33040	   1200	  22644	  56884	   de34	spi_rev3.elf
Finished building: spi_rev3.elf.size
 
14:40:06 **** Auto Build of configuration Debug for project spi_rev3 ****
make pre-build main-build 
a9-linaro-pre-build-step
 
Building file: ../src/helloworld.c
Invoking: ARM v7 gcc compiler
arm-none-eabi-gcc -Wall -O0 -g3 -c -fmessage-length=0 -MT"src/helloworld.o" -mcpu=cortex-a9 -mfpu=vfpv3 -mfloat-abi=hard -I../../spi_rev3_bsp/ps7_cortexa9_0/include -MMD -MP -MF"src/helloworld.d" -MT"src/helloworld.o" -o "src/helloworld.o" "../src/helloworld.c"
Finished building: ../src/helloworld.c
 
Building target: spi_rev3.elf
Invoking: ARM v7 gcc linker
arm-none-eabi-gcc -mcpu=cortex-a9 -mfpu=vfpv3 -mfloat-abi=hard -Wl,-build-id=none -specs=Xilinx.spec -Wl,-T -Wl,../src/lscript.ld -L../../spi_rev3_bsp/ps7_cortexa9_0/lib -o "spi_rev3.elf"  ./src/helloworld.o ./src/platform.o   -Wl,--start-group,-lxil,-lgcc,-lc,--end-group
Finished building target: spi_rev3.elf
 
Invoking: ARM v7 Print Size
arm-none-eabi-size spi_rev3.elf  |tee "spi_rev3.elf.size"
   text	   data	    bss	    dec	    hex	filename
  32972	   1200	  22644	  56816	   ddf0	spi_rev3.elf
Finished building: spi_rev3.elf.size
 
14:40:11 **** Auto Build of configuration Debug for project spi_rev3 ****
make pre-build main-build 
a9-linaro-pre-build-step
 
Building file: ../src/helloworld.c
Invoking: ARM v7 gcc compiler
arm-none-eabi-gcc -Wall -O0 -g3 -c -fmessage-length=0 -MT"src/helloworld.o" -mcpu=cortex-a9 -mfpu=vfpv3 -mfloat-abi=hard -I../../spi_rev3_bsp/ps7_cortexa9_0/include -MMD -MP -MF"src/helloworld.d" -MT"src/helloworld.o" -o "src/helloworld.o" "../src/helloworld.c"
Finished building: ../src/helloworld.c
 
Building target: spi_rev3.elf
Invoking: ARM v7 gcc linker
arm-none-eabi-gcc -mcpu=cortex-a9 -mfpu=vfpv3 -mfloat-abi=hard -Wl,-build-id=none -specs=Xilinx.spec -Wl,-T -Wl,../src/lscript.ld -L../../spi_rev3_bsp/ps7_cortexa9_0/lib -o "spi_rev3.elf"  ./src/helloworld.o ./src/platform.o   -Wl,--start-group,-lxil,-lgcc,-lc,--end-group
Finished building target: spi_rev3.elf
 
Invoking: ARM v7 Print Size
arm-none-eabi-size spi_rev3.elf  |tee "spi_rev3.elf.size"
   text	   data	    bss	    dec	    hex	filename
  32976	   1200	  22644	  56820	   ddf4	spi_rev3.elf
Finished building: spi_rev3.elf.size
 
14:41:26 **** Incremental Build of configuration Debug for project spi_rev3 ****
make pre-build main-build 
a9-linaro-pre-build-step
 
make: Nothing to be done for 'main-build'.
14:42:55 **** Auto Build of configuration Debug for project spi_rev3 ****
make pre-build main-build 
a9-linaro-pre-build-step
 
Building file: ../src/helloworld.c
Invoking: ARM v7 gcc compiler
arm-none-eabi-gcc -Wall -O0 -g3 -c -fmessage-length=0 -MT"src/helloworld.o" -mcpu=cortex-a9 -mfpu=vfpv3 -mfloat-abi=hard -I../../spi_rev3_bsp/ps7_cortexa9_0/include -MMD -MP -MF"src/helloworld.d" -MT"src/helloworld.o" -o "src/helloworld.o" "../src/helloworld.c"
../src/helloworld.c: In function ‘main’:
../src/helloworld.c:97:6: warning: unused variable ‘breaker’ [-Wunused-variable]
  int breaker = 0;
      ^
Finished building: ../src/helloworld.c
 
Building target: spi_rev3.elf
Invoking: ARM v7 gcc linker
arm-none-eabi-gcc -mcpu=cortex-a9 -mfpu=vfpv3 -mfloat-abi=hard -Wl,-build-id=none -specs=Xilinx.spec -Wl,-T -Wl,../src/lscript.ld -L../../spi_rev3_bsp/ps7_cortexa9_0/lib -o "spi_rev3.elf"  ./src/helloworld.o ./src/platform.o   -Wl,--start-group,-lxil,-lgcc,-lc,--end-group
Finished building target: spi_rev3.elf
 
Invoking: ARM v7 Print Size
arm-none-eabi-size spi_rev3.elf  |tee "spi_rev3.elf.size"
   text	   data	    bss	    dec	    hex	filename
  33040	   1200	  22644	  56884	   de34	spi_rev3.elf
Finished building: spi_rev3.elf.size
 
14:42:57 **** Incremental Build of configuration Debug for project spi_rev3 ****
make pre-build main-build 
a9-linaro-pre-build-step
 
make: Nothing to be done for 'main-build'.
14:47:02 **** Incremental Build of configuration Debug for project spi_rev3 ****
make pre-build main-build 
a9-linaro-pre-build-step
 
make: Nothing to be done for 'main-build'.
14:48:40 **** Incremental Build of configuration Debug for project spi_rev3 ****
make pre-build main-build 
a9-linaro-pre-build-step
 
make: Nothing to be done for 'main-build'.
14:49:16 **** Auto Build of configuration Debug for project spi_rev3 ****
make pre-build main-build 
a9-linaro-pre-build-step
 
Building file: ../src/helloworld.c
Invoking: ARM v7 gcc compiler
arm-none-eabi-gcc -Wall -O0 -g3 -c -fmessage-length=0 -MT"src/helloworld.o" -mcpu=cortex-a9 -mfpu=vfpv3 -mfloat-abi=hard -I../../spi_rev3_bsp/ps7_cortexa9_0/include -MMD -MP -MF"src/helloworld.d" -MT"src/helloworld.o" -o "src/helloworld.o" "../src/helloworld.c"
../src/helloworld.c: In function ‘main’:
../src/helloworld.c:97:6: warning: unused variable ‘breaker’ [-Wunused-variable]
  int breaker = 0;
      ^
Finished building: ../src/helloworld.c
 
Building target: spi_rev3.elf
Invoking: ARM v7 gcc linker
arm-none-eabi-gcc -mcpu=cortex-a9 -mfpu=vfpv3 -mfloat-abi=hard -Wl,-build-id=none -specs=Xilinx.spec -Wl,-T -Wl,../src/lscript.ld -L../../spi_rev3_bsp/ps7_cortexa9_0/lib -o "spi_rev3.elf"  ./src/helloworld.o ./src/platform.o   -Wl,--start-group,-lxil,-lgcc,-lc,--end-group
Finished building target: spi_rev3.elf
 
Invoking: ARM v7 Print Size
arm-none-eabi-size spi_rev3.elf  |tee "spi_rev3.elf.size"
   text	   data	    bss	    dec	    hex	filename
  32972	   1200	  22644	  56816	   ddf0	spi_rev3.elf
Finished building: spi_rev3.elf.size
 
14:49:20 **** Auto Build of configuration Debug for project spi_rev3 ****
make pre-build main-build 
a9-linaro-pre-build-step
 
Building file: ../src/helloworld.c
Invoking: ARM v7 gcc compiler
arm-none-eabi-gcc -Wall -O0 -g3 -c -fmessage-length=0 -MT"src/helloworld.o" -mcpu=cortex-a9 -mfpu=vfpv3 -mfloat-abi=hard -I../../spi_rev3_bsp/ps7_cortexa9_0/include -MMD -MP -MF"src/helloworld.d" -MT"src/helloworld.o" -o "src/helloworld.o" "../src/helloworld.c"
../src/helloworld.c: In function ‘main’:
../src/helloworld.c:97:6: warning: unused variable ‘breaker’ [-Wunused-variable]
  int breaker = 0;
      ^
Finished building: ../src/helloworld.c
 
Building target: spi_rev3.elf
Invoking: ARM v7 gcc linker
arm-none-eabi-gcc -mcpu=cortex-a9 -mfpu=vfpv3 -mfloat-abi=hard -Wl,-build-id=none -specs=Xilinx.spec -Wl,-T -Wl,../src/lscript.ld -L../../spi_rev3_bsp/ps7_cortexa9_0/lib -o "spi_rev3.elf"  ./src/helloworld.o ./src/platform.o   -Wl,--start-group,-lxil,-lgcc,-lc,--end-group
Finished building target: spi_rev3.elf
 
Invoking: ARM v7 Print Size
arm-none-eabi-size spi_rev3.elf  |tee "spi_rev3.elf.size"
   text	   data	    bss	    dec	    hex	filename
  32972	   1200	  22644	  56816	   ddf0	spi_rev3.elf
Finished building: spi_rev3.elf.size
 
14:49:22 **** Incremental Build of configuration Debug for project spi_rev3 ****
make pre-build main-build 
a9-linaro-pre-build-step
 
make: Nothing to be done for 'main-build'.
14:50:06 **** Incremental Build of configuration Debug for project spi_rev3 ****
make pre-build main-build 
a9-linaro-pre-build-step
 
make: Nothing to be done for 'main-build'.
14:50:34 **** Auto Build of configuration Debug for project spi_rev3 ****
make pre-build main-build 
a9-linaro-pre-build-step
 
Building file: ../src/helloworld.c
Invoking: ARM v7 gcc compiler
arm-none-eabi-gcc -Wall -O0 -g3 -c -fmessage-length=0 -MT"src/helloworld.o" -mcpu=cortex-a9 -mfpu=vfpv3 -mfloat-abi=hard -I../../spi_rev3_bsp/ps7_cortexa9_0/include -MMD -MP -MF"src/helloworld.d" -MT"src/helloworld.o" -o "src/helloworld.o" "../src/helloworld.c"
../src/helloworld.c: In function ‘main’:
../src/helloworld.c:97:6: warning: unused variable ‘breaker’ [-Wunused-variable]
  int breaker = 0;
      ^
Finished building: ../src/helloworld.c
 
Building target: spi_rev3.elf
Invoking: ARM v7 gcc linker
arm-none-eabi-gcc -mcpu=cortex-a9 -mfpu=vfpv3 -mfloat-abi=hard -Wl,-build-id=none -specs=Xilinx.spec -Wl,-T -Wl,../src/lscript.ld -L../../spi_rev3_bsp/ps7_cortexa9_0/lib -o "spi_rev3.elf"  ./src/helloworld.o ./src/platform.o   -Wl,--start-group,-lxil,-lgcc,-lc,--end-group
Finished building target: spi_rev3.elf
 
Invoking: ARM v7 Print Size
arm-none-eabi-size spi_rev3.elf  |tee "spi_rev3.elf.size"
   text	   data	    bss	    dec	    hex	filename
  33036	   1200	  22644	  56880	   de30	spi_rev3.elf
Finished building: spi_rev3.elf.size
 
14:50:35 **** Incremental Build of configuration Debug for project spi_rev3 ****
make pre-build main-build 
a9-linaro-pre-build-step
 
make: Nothing to be done for 'main-build'.
14:51:27 **** Incremental Build of configuration Debug for project spi_rev3 ****
make pre-build main-build 
a9-linaro-pre-build-step
 
make: Nothing to be done for 'main-build'.
14:52:15 **** Incremental Build of configuration Debug for project spi_rev3 ****
make pre-build main-build 
a9-linaro-pre-build-step
 
make: Nothing to be done for 'main-build'.
14:53:00 **** Incremental Build of configuration Debug for project spi_rev3 ****
make pre-build main-build 
a9-linaro-pre-build-step
 
make: Nothing to be done for 'main-build'.
14:54:07 **** Incremental Build of configuration Debug for project spi_rev3 ****
make pre-build main-build 
a9-linaro-pre-build-step
 
make: Nothing to be done for 'main-build'.
14:55:01 **** Incremental Build of configuration Debug for project spi_rev3 ****
make pre-build main-build 
a9-linaro-pre-build-step
 
make: Nothing to be done for 'main-build'.
14:55:38 **** Incremental Build of configuration Debug for project spi_rev3 ****
make pre-build main-build 
a9-linaro-pre-build-step
 
make: Nothing to be done for 'main-build'.
14:56:23 **** Incremental Build of configuration Debug for project spi_rev3 ****
make pre-build main-build 
a9-linaro-pre-build-step
 
make: Nothing to be done for 'main-build'.
14:58:11 **** Incremental Build of configuration Debug for project spi_rev3 ****
make pre-build main-build 
a9-linaro-pre-build-step
 
make: Nothing to be done for 'main-build'.
14:59:12 **** Incremental Build of configuration Debug for project spi_rev3 ****
make pre-build main-build 
a9-linaro-pre-build-step
 
make: Nothing to be done for 'main-build'.
15:00:03 **** Incremental Build of configuration Debug for project spi_rev3 ****
make pre-build main-build 
a9-linaro-pre-build-step
 
make: Nothing to be done for 'main-build'.
15:00:51 **** Incremental Build of configuration Debug for project spi_rev3 ****
make pre-build main-build 
a9-linaro-pre-build-step
 
make: Nothing to be done for 'main-build'.
15:01:42 **** Incremental Build of configuration Debug for project spi_rev3 ****
make pre-build main-build 
a9-linaro-pre-build-step
 
make: Nothing to be done for 'main-build'.
15:02:19 **** Incremental Build of configuration Debug for project spi_rev3 ****
make pre-build main-build 
a9-linaro-pre-build-step
 
make: Nothing to be done for 'main-build'.
15:03:08 **** Incremental Build of configuration Debug for project spi_rev3 ****
make pre-build main-build 
a9-linaro-pre-build-step
 
make: Nothing to be done for 'main-build'.
15:04:13 **** Incremental Build of configuration Debug for project spi_rev3 ****
make pre-build main-build 
a9-linaro-pre-build-step
 
make: Nothing to be done for 'main-build'.
15:04:57 **** Incremental Build of configuration Debug for project spi_rev3 ****
make pre-build main-build 
a9-linaro-pre-build-step
 
make: Nothing to be done for 'main-build'.
15:05:35 **** Incremental Build of configuration Debug for project spi_rev3 ****
make pre-build main-build 
a9-linaro-pre-build-step
 
make: Nothing to be done for 'main-build'.
15:06:18 **** Incremental Build of configuration Debug for project spi_rev3 ****
make pre-build main-build 
a9-linaro-pre-build-step
 
make: Nothing to be done for 'main-build'.
15:06:57 **** Incremental Build of configuration Debug for project spi_rev3 ****
make pre-build main-build 
a9-linaro-pre-build-step
 
make: Nothing to be done for 'main-build'.
15:07:31 **** Incremental Build of configuration Debug for project spi_rev3 ****
make pre-build main-build 
a9-linaro-pre-build-step
 
make: Nothing to be done for 'main-build'.
15:17:59 **** Incremental Build of configuration Debug for project spi_rev3 ****
make pre-build main-build 
a9-linaro-pre-build-step
 
make: Nothing to be done for 'main-build'.
15:18:15 **** Auto Build of configuration Debug for project spi_rev3 ****
make pre-build main-build 
a9-linaro-pre-build-step
 
Building file: ../src/helloworld.c
Invoking: ARM v7 gcc compiler
arm-none-eabi-gcc -Wall -O0 -g3 -c -fmessage-length=0 -MT"src/helloworld.o" -mcpu=cortex-a9 -mfpu=vfpv3 -mfloat-abi=hard -I../../spi_rev3_bsp/ps7_cortexa9_0/include -MMD -MP -MF"src/helloworld.d" -MT"src/helloworld.o" -o "src/helloworld.o" "../src/helloworld.c"
../src/helloworld.c: In function ‘main’:
../src/helloworld.c:97:6: warning: unused variable ‘breaker’ [-Wunused-variable]
  int breaker = 0;
      ^
Finished building: ../src/helloworld.c
 
Building target: spi_rev3.elf
Invoking: ARM v7 gcc linker
arm-none-eabi-gcc -mcpu=cortex-a9 -mfpu=vfpv3 -mfloat-abi=hard -Wl,-build-id=none -specs=Xilinx.spec -Wl,-T -Wl,../src/lscript.ld -L../../spi_rev3_bsp/ps7_cortexa9_0/lib -o "spi_rev3.elf"  ./src/helloworld.o ./src/platform.o   -Wl,--start-group,-lxil,-lgcc,-lc,--end-group
Finished building target: spi_rev3.elf
 
Invoking: ARM v7 Print Size
arm-none-eabi-size spi_rev3.elf  |tee "spi_rev3.elf.size"
   text	   data	    bss	    dec	    hex	filename
  32972	   1200	  22644	  56816	   ddf0	spi_rev3.elf
Finished building: spi_rev3.elf.size
 
15:18:18 **** Auto Build of configuration Debug for project spi_rev3 ****
make pre-build main-build 
a9-linaro-pre-build-step
 
Building file: ../src/helloworld.c
Invoking: ARM v7 gcc compiler
arm-none-eabi-gcc -Wall -O0 -g3 -c -fmessage-length=0 -MT"src/helloworld.o" -mcpu=cortex-a9 -mfpu=vfpv3 -mfloat-abi=hard -I../../spi_rev3_bsp/ps7_cortexa9_0/include -MMD -MP -MF"src/helloworld.d" -MT"src/helloworld.o" -o "src/helloworld.o" "../src/helloworld.c"
../src/helloworld.c: In function ‘main’:
../src/helloworld.c:97:6: warning: unused variable ‘breaker’ [-Wunused-variable]
  int breaker = 0;
      ^
Finished building: ../src/helloworld.c
 
Building target: spi_rev3.elf
Invoking: ARM v7 gcc linker
arm-none-eabi-gcc -mcpu=cortex-a9 -mfpu=vfpv3 -mfloat-abi=hard -Wl,-build-id=none -specs=Xilinx.spec -Wl,-T -Wl,../src/lscript.ld -L../../spi_rev3_bsp/ps7_cortexa9_0/lib -o "spi_rev3.elf"  ./src/helloworld.o ./src/platform.o   -Wl,--start-group,-lxil,-lgcc,-lc,--end-group
Finished building target: spi_rev3.elf
 
Invoking: ARM v7 Print Size
arm-none-eabi-size spi_rev3.elf  |tee "spi_rev3.elf.size"
   text	   data	    bss	    dec	    hex	filename
  32972	   1200	  22644	  56816	   ddf0	spi_rev3.elf
Finished building: spi_rev3.elf.size
 
15:18:21 **** Auto Build of configuration Debug for project spi_rev3 ****
make pre-build main-build 
a9-linaro-pre-build-step
 
Building file: ../src/helloworld.c
Invoking: ARM v7 gcc compiler
arm-none-eabi-gcc -Wall -O0 -g3 -c -fmessage-length=0 -MT"src/helloworld.o" -mcpu=cortex-a9 -mfpu=vfpv3 -mfloat-abi=hard -I../../spi_rev3_bsp/ps7_cortexa9_0/include -MMD -MP -MF"src/helloworld.d" -MT"src/helloworld.o" -o "src/helloworld.o" "../src/helloworld.c"
../src/helloworld.c: In function ‘main’:
../src/helloworld.c:97:6: warning: unused variable ‘breaker’ [-Wunused-variable]
  int breaker = 0;
      ^
Finished building: ../src/helloworld.c
 
Building target: spi_rev3.elf
Invoking: ARM v7 gcc linker
arm-none-eabi-gcc -mcpu=cortex-a9 -mfpu=vfpv3 -mfloat-abi=hard -Wl,-build-id=none -specs=Xilinx.spec -Wl,-T -Wl,../src/lscript.ld -L../../spi_rev3_bsp/ps7_cortexa9_0/lib -o "spi_rev3.elf"  ./src/helloworld.o ./src/platform.o   -Wl,--start-group,-lxil,-lgcc,-lc,--end-group
Finished building target: spi_rev3.elf
 
Invoking: ARM v7 Print Size
arm-none-eabi-size spi_rev3.elf  |tee "spi_rev3.elf.size"
   text	   data	    bss	    dec	    hex	filename
  33040	   1200	  22644	  56884	   de34	spi_rev3.elf
Finished building: spi_rev3.elf.size
 
15:18:25 **** Auto Build of configuration Debug for project spi_rev3 ****
make pre-build main-build 
a9-linaro-pre-build-step
 
Building file: ../src/helloworld.c
Invoking: ARM v7 gcc compiler
arm-none-eabi-gcc -Wall -O0 -g3 -c -fmessage-length=0 -MT"src/helloworld.o" -mcpu=cortex-a9 -mfpu=vfpv3 -mfloat-abi=hard -I../../spi_rev3_bsp/ps7_cortexa9_0/include -MMD -MP -MF"src/helloworld.d" -MT"src/helloworld.o" -o "src/helloworld.o" "../src/helloworld.c"
../src/helloworld.c: In function ‘main’:
../src/helloworld.c:97:6: warning: unused variable ‘breaker’ [-Wunused-variable]
  int breaker = 0;
      ^
Finished building: ../src/helloworld.c
 
Building target: spi_rev3.elf
Invoking: ARM v7 gcc linker
arm-none-eabi-gcc -mcpu=cortex-a9 -mfpu=vfpv3 -mfloat-abi=hard -Wl,-build-id=none -specs=Xilinx.spec -Wl,-T -Wl,../src/lscript.ld -L../../spi_rev3_bsp/ps7_cortexa9_0/lib -o "spi_rev3.elf"  ./src/helloworld.o ./src/platform.o   -Wl,--start-group,-lxil,-lgcc,-lc,--end-group
Finished building target: spi_rev3.elf
 
Invoking: ARM v7 Print Size
arm-none-eabi-size spi_rev3.elf  |tee "spi_rev3.elf.size"
   text	   data	    bss	    dec	    hex	filename
  33040	   1200	  22644	  56884	   de34	spi_rev3.elf
Finished building: spi_rev3.elf.size
 
15:18:28 **** Incremental Build of configuration Debug for project spi_rev3 ****
make pre-build main-build 
a9-linaro-pre-build-step
 
make: Nothing to be done for 'main-build'.
15:21:01 **** Auto Build of configuration Debug for project spi_rev3 ****
make pre-build main-build 
a9-linaro-pre-build-step
 
Building file: ../src/helloworld.c
Invoking: ARM v7 gcc compiler
arm-none-eabi-gcc -Wall -O0 -g3 -c -fmessage-length=0 -MT"src/helloworld.o" -mcpu=cortex-a9 -mfpu=vfpv3 -mfloat-abi=hard -I../../spi_rev3_bsp/ps7_cortexa9_0/include -MMD -MP -MF"src/helloworld.d" -MT"src/helloworld.o" -o "src/helloworld.o" "../src/helloworld.c"
../src/helloworld.c: In function ‘main’:
../src/helloworld.c:97:6: warning: unused variable ‘breaker’ [-Wunused-variable]
  int breaker = 0;
      ^
Finished building: ../src/helloworld.c
 
Building target: spi_rev3.elf
Invoking: ARM v7 gcc linker
arm-none-eabi-gcc -mcpu=cortex-a9 -mfpu=vfpv3 -mfloat-abi=hard -Wl,-build-id=none -specs=Xilinx.spec -Wl,-T -Wl,../src/lscript.ld -L../../spi_rev3_bsp/ps7_cortexa9_0/lib -o "spi_rev3.elf"  ./src/helloworld.o ./src/platform.o   -Wl,--start-group,-lxil,-lgcc,-lc,--end-group
Finished building target: spi_rev3.elf
 
Invoking: ARM v7 Print Size
arm-none-eabi-size spi_rev3.elf  |tee "spi_rev3.elf.size"
   text	   data	    bss	    dec	    hex	filename
  33040	   1200	  22644	  56884	   de34	spi_rev3.elf
Finished building: spi_rev3.elf.size
 
15:21:02 **** Incremental Build of configuration Debug for project spi_rev3 ****
make pre-build main-build 
a9-linaro-pre-build-step
 
make: Nothing to be done for 'main-build'.
15:21:34 **** Auto Build of configuration Debug for project spi_rev3 ****
make pre-build main-build 
a9-linaro-pre-build-step
 
Building file: ../src/helloworld.c
Invoking: ARM v7 gcc compiler
arm-none-eabi-gcc -Wall -O0 -g3 -c -fmessage-length=0 -MT"src/helloworld.o" -mcpu=cortex-a9 -mfpu=vfpv3 -mfloat-abi=hard -I../../spi_rev3_bsp/ps7_cortexa9_0/include -MMD -MP -MF"src/helloworld.d" -MT"src/helloworld.o" -o "src/helloworld.o" "../src/helloworld.c"
../src/helloworld.c: In function ‘main’:
../src/helloworld.c:97:6: warning: unused variable ‘breaker’ [-Wunused-variable]
  int breaker = 0;
      ^
Finished building: ../src/helloworld.c
 
Building target: spi_rev3.elf
Invoking: ARM v7 gcc linker
arm-none-eabi-gcc -mcpu=cortex-a9 -mfpu=vfpv3 -mfloat-abi=hard -Wl,-build-id=none -specs=Xilinx.spec -Wl,-T -Wl,../src/lscript.ld -L../../spi_rev3_bsp/ps7_cortexa9_0/lib -o "spi_rev3.elf"  ./src/helloworld.o ./src/platform.o   -Wl,--start-group,-lxil,-lgcc,-lc,--end-group
Finished building target: spi_rev3.elf
 
Invoking: ARM v7 Print Size
arm-none-eabi-size spi_rev3.elf  |tee "spi_rev3.elf.size"
   text	   data	    bss	    dec	    hex	filename
  33040	   1200	  22644	  56884	   de34	spi_rev3.elf
Finished building: spi_rev3.elf.size
 
15:21:36 **** Incremental Build of configuration Debug for project spi_rev3 ****
make pre-build main-build 
a9-linaro-pre-build-step
 
make: Nothing to be done for 'main-build'.
15:23:35 **** Auto Build of configuration Debug for project spi_rev3 ****
make pre-build main-build 
a9-linaro-pre-build-step
 
Building file: ../src/helloworld.c
Invoking: ARM v7 gcc compiler
arm-none-eabi-gcc -Wall -O0 -g3 -c -fmessage-length=0 -MT"src/helloworld.o" -mcpu=cortex-a9 -mfpu=vfpv3 -mfloat-abi=hard -I../../spi_rev3_bsp/ps7_cortexa9_0/include -MMD -MP -MF"src/helloworld.d" -MT"src/helloworld.o" -o "src/helloworld.o" "../src/helloworld.c"
../src/helloworld.c: In function ‘main’:
../src/helloworld.c:97:6: warning: unused variable ‘breaker’ [-Wunused-variable]
  int breaker = 0;
      ^
../src/helloworld.c:96:6: warning: unused variable ‘i’ [-Wunused-variable]
  int i;
      ^
Finished building: ../src/helloworld.c
 
Building target: spi_rev3.elf
Invoking: ARM v7 gcc linker
arm-none-eabi-gcc -mcpu=cortex-a9 -mfpu=vfpv3 -mfloat-abi=hard -Wl,-build-id=none -specs=Xilinx.spec -Wl,-T -Wl,../src/lscript.ld -L../../spi_rev3_bsp/ps7_cortexa9_0/lib -o "spi_rev3.elf"  ./src/helloworld.o ./src/platform.o   -Wl,--start-group,-lxil,-lgcc,-lc,--end-group
Finished building target: spi_rev3.elf
 
Invoking: ARM v7 Print Size
arm-none-eabi-size spi_rev3.elf  |tee "spi_rev3.elf.size"
   text	   data	    bss	    dec	    hex	filename
  32972	   1200	  22644	  56816	   ddf0	spi_rev3.elf
Finished building: spi_rev3.elf.size
 
15:23:48 **** Incremental Build of configuration Debug for project spi_rev3 ****
make pre-build main-build 
a9-linaro-pre-build-step
 
make: Nothing to be done for 'main-build'.
15:25:59 **** Auto Build of configuration Debug for project spi_rev3 ****
make pre-build main-build 
a9-linaro-pre-build-step
 
Building file: ../src/helloworld.c
Invoking: ARM v7 gcc compiler
[...]
      pos |=  (payload[0] << 8) & 0xFF00;
               ^
../src/helloworld.c:115:15: note: each undeclared identifier is reported only once for each function it appears in
../src/helloworld.c:99:6: warning: variable ‘pos’ set but not used [-Wunused-but-set-variable]
  int pos = 0;
      ^
../src/helloworld.c:96:6: warning: variable ‘i’ set but not used [-Wunused-but-set-variable]
  int i;
      ^
src/subdir.mk:24: recipe for target 'src/helloworld.o' failed
make: *** [src/helloworld.o] Error 1
19:50:26 **** Auto Build of configuration Debug for project spi_rev4 ****
make pre-build main-build 
a9-linaro-pre-build-step
 
Building file: ../src/helloworld.c
Invoking: ARM v7 gcc compiler
arm-none-eabi-gcc -Wall -O0 -g3 -c -fmessage-length=0 -MT"src/helloworld.o" -mcpu=cortex-a9 -mfpu=vfpv3 -mfloat-abi=hard -I../../spi_rev4_bsp/ps7_cortexa9_0/include -MMD -MP -MF"src/helloworld.d" -MT"src/helloworld.o" -o "src/helloworld.o" "../src/helloworld.c"
../src/helloworld.c: In function ‘main’:
../src/helloworld.c:96:6: warning: variable ‘i’ set but not used [-Wunused-but-set-variable]
  int i;
      ^
Finished building: ../src/helloworld.c
 
Building target: spi_rev4.elf
Invoking: ARM v7 gcc linker
arm-none-eabi-gcc -mcpu=cortex-a9 -mfpu=vfpv3 -mfloat-abi=hard -Wl,-build-id=none -specs=Xilinx.spec -Wl,-T -Wl,../src/lscript.ld -L../../spi_rev4_bsp/ps7_cortexa9_0/lib -o "spi_rev4.elf"  ./src/helloworld.o ./src/platform.o   -Wl,--start-group,-lxil,-lgcc,-lc,--end-group
Finished building target: spi_rev4.elf
 
Invoking: ARM v7 Print Size
arm-none-eabi-size spi_rev4.elf  |tee "spi_rev4.elf.size"
   text	   data	    bss	    dec	    hex	filename
  33036	   1200	  22644	  56880	   de30	spi_rev4.elf
Finished building: spi_rev4.elf.size
 
19:50:29 **** Incremental Build of configuration Debug for project spi_rev4 ****
make pre-build main-build 
a9-linaro-pre-build-step
 
make: Nothing to be done for 'main-build'.
19:51:07 **** Incremental Build of configuration Debug for project spi_rev4 ****
make pre-build main-build 
a9-linaro-pre-build-step
 
make: Nothing to be done for 'main-build'.
19:57:28 **** Incremental Build of configuration Debug for project spi_rev4 ****
make pre-build main-build 
a9-linaro-pre-build-step
 
make: Nothing to be done for 'main-build'.
20:02:24 **** Incremental Build of configuration Debug for project spi_rev4 ****
make pre-build main-build 
a9-linaro-pre-build-step
 
make: Nothing to be done for 'main-build'.
20:02:45 **** Incremental Build of configuration Debug for project spi_rev4 ****
make pre-build main-build 
a9-linaro-pre-build-step
 
make: Nothing to be done for 'main-build'.
20:03:57 **** Incremental Build of configuration Debug for project spi_rev4 ****
make pre-build main-build 
a9-linaro-pre-build-step
 
make: Nothing to be done for 'main-build'.
20:06:48 **** Auto Build of configuration Debug for project spi_rev4 ****
make pre-build main-build 
a9-linaro-pre-build-step
 
Building file: ../src/helloworld.c
Invoking: ARM v7 gcc compiler
arm-none-eabi-gcc -Wall -O0 -g3 -c -fmessage-length=0 -MT"src/helloworld.o" -mcpu=cortex-a9 -mfpu=vfpv3 -mfloat-abi=hard -I../../spi_rev4_bsp/ps7_cortexa9_0/include -MMD -MP -MF"src/helloworld.d" -MT"src/helloworld.o" -o "src/helloworld.o" "../src/helloworld.c"
../src/helloworld.c: In function ‘main’:
../src/helloworld.c:96:6: warning: variable ‘i’ set but not used [-Wunused-but-set-variable]
  int i;
      ^
Finished building: ../src/helloworld.c
 
Building target: spi_rev4.elf
Invoking: ARM v7 gcc linker
arm-none-eabi-gcc -mcpu=cortex-a9 -mfpu=vfpv3 -mfloat-abi=hard -Wl,-build-id=none -specs=Xilinx.spec -Wl,-T -Wl,../src/lscript.ld -L../../spi_rev4_bsp/ps7_cortexa9_0/lib -o "spi_rev4.elf"  ./src/helloworld.o ./src/platform.o   -Wl,--start-group,-lxil,-lgcc,-lc,--end-group
Finished building target: spi_rev4.elf
 
Invoking: ARM v7 Print Size
arm-none-eabi-size spi_rev4.elf  |tee "spi_rev4.elf.size"
   text	   data	    bss	    dec	    hex	filename
  33036	   1200	  22644	  56880	   de30	spi_rev4.elf
Finished building: spi_rev4.elf.size
 
20:07:30 **** Auto Build of configuration Debug for project spi_rev4 ****
make pre-build main-build 
a9-linaro-pre-build-step
 
Building file: ../src/helloworld.c
Invoking: ARM v7 gcc compiler
arm-none-eabi-gcc -Wall -O0 -g3 -c -fmessage-length=0 -MT"src/helloworld.o" -mcpu=cortex-a9 -mfpu=vfpv3 -mfloat-abi=hard -I../../spi_rev4_bsp/ps7_cortexa9_0/include -MMD -MP -MF"src/helloworld.d" -MT"src/helloworld.o" -o "src/helloworld.o" "../src/helloworld.c"
../src/helloworld.c: In function ‘main’:
../src/helloworld.c:96:6: warning: variable ‘i’ set but not used [-Wunused-but-set-variable]
  int i;
      ^
Finished building: ../src/helloworld.c
 
Building target: spi_rev4.elf
Invoking: ARM v7 gcc linker
arm-none-eabi-gcc -mcpu=cortex-a9 -mfpu=vfpv3 -mfloat-abi=hard -Wl,-build-id=none -specs=Xilinx.spec -Wl,-T -Wl,../src/lscript.ld -L../../spi_rev4_bsp/ps7_cortexa9_0/lib -o "spi_rev4.elf"  ./src/helloworld.o ./src/platform.o   -Wl,--start-group,-lxil,-lgcc,-lc,--end-group
Finished building target: spi_rev4.elf
 
Invoking: ARM v7 Print Size
arm-none-eabi-size spi_rev4.elf  |tee "spi_rev4.elf.size"
   text	   data	    bss	    dec	    hex	filename
  33036	   1200	  22644	  56880	   de30	spi_rev4.elf
Finished building: spi_rev4.elf.size
 
20:07:54 **** Auto Build of configuration Debug for project spi_rev4 ****
make pre-build main-build 
a9-linaro-pre-build-step
 
Building file: ../src/helloworld.c
Invoking: ARM v7 gcc compiler
arm-none-eabi-gcc -Wall -O0 -g3 -c -fmessage-length=0 -MT"src/helloworld.o" -mcpu=cortex-a9 -mfpu=vfpv3 -mfloat-abi=hard -I../../spi_rev4_bsp/ps7_cortexa9_0/include -MMD -MP -MF"src/helloworld.d" -MT"src/helloworld.o" -o "src/helloworld.o" "../src/helloworld.c"
../src/helloworld.c: In function ‘main’:
../src/helloworld.c:117:6: error: ‘cal’ undeclared (first use in this function)
      cal = buffer[0] & 0b10000000;
      ^
../src/helloworld.c:117:6: note: each undeclared identifier is reported only once for each function it appears in
../src/helloworld.c:96:6: warning: variable ‘i’ set but not used [-Wunused-but-set-variable]
  int i;
      ^
src/subdir.mk:24: recipe for target 'src/helloworld.o' failed
make: *** [src/helloworld.o] Error 1
20:07:59 **** Auto Build of configuration Debug for project spi_rev4 ****
make pre-build main-build 
a9-linaro-pre-build-step
 
Building file: ../src/helloworld.c
Invoking: ARM v7 gcc compiler
arm-none-eabi-gcc -Wall -O0 -g3 -c -fmessage-length=0 -MT"src/helloworld.o" -mcpu=cortex-a9 -mfpu=vfpv3 -mfloat-abi=hard -I../../spi_rev4_bsp/ps7_cortexa9_0/include -MMD -MP -MF"src/helloworld.d" -MT"src/helloworld.o" -o "src/helloworld.o" "../src/helloworld.c"
../src/helloworld.c: In function ‘main’:
../src/helloworld.c:100:6: warning: variable ‘cal’ set but not used [-Wunused-but-set-variable]
  int cal = 0;
      ^
../src/helloworld.c:96:6: warning: variable ‘i’ set but not used [-Wunused-but-set-variable]
  int i;
      ^
Finished building: ../src/helloworld.c
 
Building target: spi_rev4.elf
Invoking: ARM v7 gcc linker
arm-none-eabi-gcc -mcpu=cortex-a9 -mfpu=vfpv3 -mfloat-abi=hard -Wl,-build-id=none -specs=Xilinx.spec -Wl,-T -Wl,../src/lscript.ld -L../../spi_rev4_bsp/ps7_cortexa9_0/lib -o "spi_rev4.elf"  ./src/helloworld.o ./src/platform.o   -Wl,--start-group,-lxil,-lgcc,-lc,--end-group
Finished building target: spi_rev4.elf
 
Invoking: ARM v7 Print Size
arm-none-eabi-size spi_rev4.elf  |tee "spi_rev4.elf.size"
   text	   data	    bss	    dec	    hex	filename
  33036	   1200	  22644	  56880	   de30	spi_rev4.elf
Finished building: spi_rev4.elf.size
 
20:08:13 **** Auto Build of configuration Debug for project spi_rev4 ****
make pre-build main-build 
a9-linaro-pre-build-step
 
Building file: ../src/helloworld.c
Invoking: ARM v7 gcc compiler
arm-none-eabi-gcc -Wall -O0 -g3 -c -fmessage-length=0 -MT"src/helloworld.o" -mcpu=cortex-a9 -mfpu=vfpv3 -mfloat-abi=hard -I../../spi_rev4_bsp/ps7_cortexa9_0/include -MMD -MP -MF"src/helloworld.d" -MT"src/helloworld.o" -o "src/helloworld.o" "../src/helloworld.c"
../src/helloworld.c: In function ‘main’:
../src/helloworld.c:96:6: warning: variable ‘i’ set but not used [-Wunused-but-set-variable]
  int i;
      ^
Finished building: ../src/helloworld.c
 
Building target: spi_rev4.elf
Invoking: ARM v7 gcc linker
arm-none-eabi-gcc -mcpu=cortex-a9 -mfpu=vfpv3 -mfloat-abi=hard -Wl,-build-id=none -specs=Xilinx.spec -Wl,-T -Wl,../src/lscript.ld -L../../spi_rev4_bsp/ps7_cortexa9_0/lib -o "spi_rev4.elf"  ./src/helloworld.o ./src/platform.o   -Wl,--start-group,-lxil,-lgcc,-lc,--end-group
Finished building target: spi_rev4.elf
 
Invoking: ARM v7 Print Size
arm-none-eabi-size spi_rev4.elf  |tee "spi_rev4.elf.size"
   text	   data	    bss	    dec	    hex	filename
  33048	   1200	  22644	  56892	   de3c	spi_rev4.elf
Finished building: spi_rev4.elf.size
 
20:08:17 **** Incremental Build of configuration Debug for project spi_rev4 ****
make pre-build main-build 
a9-linaro-pre-build-step
 
make: Nothing to be done for 'main-build'.
20:09:59 **** Auto Build of configuration Debug for project spi_rev4 ****
make pre-build main-build 
a9-linaro-pre-build-step
 
Building file: ../src/helloworld.c
Invoking: ARM v7 gcc compiler
arm-none-eabi-gcc -Wall -O0 -g3 -c -fmessage-length=0 -MT"src/helloworld.o" -mcpu=cortex-a9 -mfpu=vfpv3 -mfloat-abi=hard -I../../spi_rev4_bsp/ps7_cortexa9_0/include -MMD -MP -MF"src/helloworld.d" -MT"src/helloworld.o" -o "src/helloworld.o" "../src/helloworld.c"
../src/helloworld.c: In function ‘main’:
../src/helloworld.c:96:6: warning: variable ‘i’ set but not used [-Wunused-but-set-variable]
  int i;
      ^
Finished building: ../src/helloworld.c
 
Building target: spi_rev4.elf
Invoking: ARM v7 gcc linker
arm-none-eabi-gcc -mcpu=cortex-a9 -mfpu=vfpv3 -mfloat-abi=hard -Wl,-build-id=none -specs=Xilinx.spec -Wl,-T -Wl,../src/lscript.ld -L../../spi_rev4_bsp/ps7_cortexa9_0/lib -o "spi_rev4.elf"  ./src/helloworld.o ./src/platform.o   -Wl,--start-group,-lxil,-lgcc,-lc,--end-group
Finished building target: spi_rev4.elf
 
Invoking: ARM v7 Print Size
arm-none-eabi-size spi_rev4.elf  |tee "spi_rev4.elf.size"
   text	   data	    bss	    dec	    hex	filename
  33048	   1200	  22644	  56892	   de3c	spi_rev4.elf
Finished building: spi_rev4.elf.size
 
20:10:00 **** Incremental Build of configuration Debug for project spi_rev4 ****
make pre-build main-build 
a9-linaro-pre-build-step
 
make: Nothing to be done for 'main-build'.
20:10:24 **** Auto Build of configuration Debug for project spi_rev4 ****
make pre-build main-build 
a9-linaro-pre-build-step
 
Building file: ../src/helloworld.c
Invoking: ARM v7 gcc compiler
arm-none-eabi-gcc -Wall -O0 -g3 -c -fmessage-length=0 -MT"src/helloworld.o" -mcpu=cortex-a9 -mfpu=vfpv3 -mfloat-abi=hard -I../../spi_rev4_bsp/ps7_cortexa9_0/include -MMD -MP -MF"src/helloworld.d" -MT"src/helloworld.o" -o "src/helloworld.o" "../src/helloworld.c"
../src/helloworld.c: In function ‘main’:
../src/helloworld.c:96:6: warning: variable ‘i’ set but not used [-Wunused-but-set-variable]
  int i;
      ^
Finished building: ../src/helloworld.c
 
Building target: spi_rev4.elf
Invoking: ARM v7 gcc linker
arm-none-eabi-gcc -mcpu=cortex-a9 -mfpu=vfpv3 -mfloat-abi=hard -Wl,-build-id=none -specs=Xilinx.spec -Wl,-T -Wl,../src/lscript.ld -L../../spi_rev4_bsp/ps7_cortexa9_0/lib -o "spi_rev4.elf"  ./src/helloworld.o ./src/platform.o   -Wl,--start-group,-lxil,-lgcc,-lc,--end-group
Finished building target: spi_rev4.elf
 
Invoking: ARM v7 Print Size
arm-none-eabi-size spi_rev4.elf  |tee "spi_rev4.elf.size"
   text	   data	    bss	    dec	    hex	filename
  33048	   1200	  22644	  56892	   de3c	spi_rev4.elf
Finished building: spi_rev4.elf.size
 
20:10:38 **** Auto Build of configuration Debug for project spi_rev4 ****
make pre-build main-build 
a9-linaro-pre-build-step
 
Building file: ../src/helloworld.c
Invoking: ARM v7 gcc compiler
arm-none-eabi-gcc -Wall -O0 -g3 -c -fmessage-length=0 -MT"src/helloworld.o" -mcpu=cortex-a9 -mfpu=vfpv3 -mfloat-abi=hard -I../../spi_rev4_bsp/ps7_cortexa9_0/include -MMD -MP -MF"src/helloworld.d" -MT"src/helloworld.o" -o "src/helloworld.o" "../src/helloworld.c"
../src/helloworld.c: In function ‘main’:
../src/helloworld.c:96:6: warning: variable ‘i’ set but not used [-Wunused-but-set-variable]
  int i;
      ^
Finished building: ../src/helloworld.c
 
Building target: spi_rev4.elf
Invoking: ARM v7 gcc linker
arm-none-eabi-gcc -mcpu=cortex-a9 -mfpu=vfpv3 -mfloat-abi=hard -Wl,-build-id=none -specs=Xilinx.spec -Wl,-T -Wl,../src/lscript.ld -L../../spi_rev4_bsp/ps7_cortexa9_0/lib -o "spi_rev4.elf"  ./src/helloworld.o ./src/platform.o   -Wl,--start-group,-lxil,-lgcc,-lc,--end-group
Finished building target: spi_rev4.elf
 
Invoking: ARM v7 Print Size
arm-none-eabi-size spi_rev4.elf  |tee "spi_rev4.elf.size"
   text	   data	    bss	    dec	    hex	filename
  33048	   1200	  22644	  56892	   de3c	spi_rev4.elf
Finished building: spi_rev4.elf.size
 
20:10:54 **** Auto Build of configuration Debug for project spi_rev4 ****
make pre-build main-build 
a9-linaro-pre-build-step
 
Building file: ../src/helloworld.c
Invoking: ARM v7 gcc compiler
arm-none-eabi-gcc -Wall -O0 -g3 -c -fmessage-length=0 -MT"src/helloworld.o" -mcpu=cortex-a9 -mfpu=vfpv3 -mfloat-abi=hard -I../../spi_rev4_bsp/ps7_cortexa9_0/include -MMD -MP -MF"src/helloworld.d" -MT"src/helloworld.o" -o "src/helloworld.o" "../src/helloworld.c"
../src/helloworld.c: In function ‘main’:
../src/helloworld.c:96:6: warning: variable ‘i’ set but not used [-Wunused-but-set-variable]
  int i;
      ^
Finished building: ../src/helloworld.c
 
Building target: spi_rev4.elf
Invoking: ARM v7 gcc linker
arm-none-eabi-gcc -mcpu=cortex-a9 -mfpu=vfpv3 -mfloat-abi=hard -Wl,-build-id=none -specs=Xilinx.spec -Wl,-T -Wl,../src/lscript.ld -L../../spi_rev4_bsp/ps7_cortexa9_0/lib -o "spi_rev4.elf"  ./src/helloworld.o ./src/platform.o   -Wl,--start-group,-lxil,-lgcc,-lc,--end-group
Finished building target: spi_rev4.elf
 
Invoking: ARM v7 Print Size
arm-none-eabi-size spi_rev4.elf  |tee "spi_rev4.elf.size"
   text	   data	    bss	    dec	    hex	filename
  33048	   1200	  22644	  56892	   de3c	spi_rev4.elf
Finished building: spi_rev4.elf.size
 
20:10:55 **** Incremental Build of configuration Debug for project spi_rev4 ****
make pre-build main-build 
a9-linaro-pre-build-step
 
make: Nothing to be done for 'main-build'.
20:13:50 **** Auto Build of configuration Debug for project spi_rev4 ****
make pre-build main-build 
a9-linaro-pre-build-step
 
Building file: ../src/helloworld.c
Invoking: ARM v7 gcc compiler
arm-none-eabi-gcc -Wall -O0 -g3 -c -fmessage-length=0 -MT"src/helloworld.o" -mcpu=cortex-a9 -mfpu=vfpv3 -mfloat-abi=hard -I../../spi_rev4_bsp/ps7_cortexa9_0/include -MMD -MP -MF"src/helloworld.d" -MT"src/helloworld.o" -o "src/helloworld.o" "../src/helloworld.c"
../src/helloworld.c: In function ‘main’:
../src/helloworld.c:117:6: error: expected ‘;’ before ‘pos’
      pos |=  (buffer[0] << 8) & 0x7F00;
      ^
../src/helloworld.c:96:6: warning: variable ‘i’ set but not used [-Wunused-but-set-variable]
  int i;
      ^
src/subdir.mk:24: recipe for target 'src/helloworld.o' failed
make: *** [src/helloworld.o] Error 1
20:13:54 **** Auto Build of configuration Debug for project spi_rev4 ****
make pre-build main-build 
a9-linaro-pre-build-step
 
Building file: ../src/helloworld.c
Invoking: ARM v7 gcc compiler
arm-none-eabi-gcc -Wall -O0 -g3 -c -fmessage-length=0 -MT"src/helloworld.o" -mcpu=cortex-a9 -mfpu=vfpv3 -mfloat-abi=hard -I../../spi_rev4_bsp/ps7_cortexa9_0/include -MMD -MP -MF"src/helloworld.d" -MT"src/helloworld.o" -o "src/helloworld.o" "../src/helloworld.c"
../src/helloworld.c: In function ‘main’:
../src/helloworld.c:96:6: warning: variable ‘i’ set but not used [-Wunused-but-set-variable]
  int i;
      ^
Finished building: ../src/helloworld.c
 
Building target: spi_rev4.elf
Invoking: ARM v7 gcc linker
arm-none-eabi-gcc -mcpu=cortex-a9 -mfpu=vfpv3 -mfloat-abi=hard -Wl,-build-id=none -specs=Xilinx.spec -Wl,-T -Wl,../src/lscript.ld -L../../spi_rev4_bsp/ps7_cortexa9_0/lib -o "spi_rev4.elf"  ./src/helloworld.o ./src/platform.o   -Wl,--start-group,-lxil,-lgcc,-lc,--end-group
Finished building target: spi_rev4.elf
 
Invoking: ARM v7 Print Size
arm-none-eabi-size spi_rev4.elf  |tee "spi_rev4.elf.size"
   text	   data	    bss	    dec	    hex	filename
  33048	   1200	  22644	  56892	   de3c	spi_rev4.elf
Finished building: spi_rev4.elf.size
 
20:13:55 **** Incremental Build of configuration Debug for project spi_rev4 ****
make pre-build main-build 
a9-linaro-pre-build-step
 
make: Nothing to be done for 'main-build'.
20:15:26 **** Incremental Build of configuration Debug for project spi_rev4 ****
make pre-build main-build 
a9-linaro-pre-build-step
 
make: Nothing to be done for 'main-build'.
20:15:45 **** Auto Build of configuration Debug for project spi_rev4 ****
make pre-build main-build 
a9-linaro-pre-build-step
 
Building file: ../src/helloworld.c
Invoking: ARM v7 gcc compiler
arm-none-eabi-gcc -Wall -O0 -g3 -c -fmessage-length=0 -MT"src/helloworld.o" -mcpu=cortex-a9 -mfpu=vfpv3 -mfloat-abi=hard -I../../spi_rev4_bsp/ps7_cortexa9_0/include -MMD -MP -MF"src/helloworld.d" -MT"src/helloworld.o" -o "src/helloworld.o" "../src/helloworld.c"
../src/helloworld.c: In function ‘main’:
../src/helloworld.c:96:6: warning: variable ‘i’ set but not used [-Wunused-but-set-variable]
  int i;
      ^
Finished building: ../src/helloworld.c
 
Building target: spi_rev4.elf
Invoking: ARM v7 gcc linker
arm-none-eabi-gcc -mcpu=cortex-a9 -mfpu=vfpv3 -mfloat-abi=hard -Wl,-build-id=none -specs=Xilinx.spec -Wl,-T -Wl,../src/lscript.ld -L../../spi_rev4_bsp/ps7_cortexa9_0/lib -o "spi_rev4.elf"  ./src/helloworld.o ./src/platform.o   -Wl,--start-group,-lxil,-lgcc,-lc,--end-group
Finished building target: spi_rev4.elf
 
Invoking: ARM v7 Print Size
arm-none-eabi-size spi_rev4.elf  |tee "spi_rev4.elf.size"
   text	   data	    bss	    dec	    hex	filename
  33048	   1200	  22644	  56892	   de3c	spi_rev4.elf
Finished building: spi_rev4.elf.size
 
20:15:46 **** Incremental Build of configuration Debug for project spi_rev4 ****
make pre-build main-build 
a9-linaro-pre-build-step
 
make: Nothing to be done for 'main-build'.
20:19:00 **** Incremental Build of configuration Debug for project spi_rev4 ****
make pre-build main-build 
a9-linaro-pre-build-step
 
make: Nothing to be done for 'main-build'.
20:19:53 **** Auto Build of configuration Debug for project spi_rev4 ****
make pre-build main-build 
a9-linaro-pre-build-step
 
Building file: ../src/helloworld.c
Invoking: ARM v7 gcc compiler
arm-none-eabi-gcc -Wall -O0 -g3 -c -fmessage-length=0 -MT"src/helloworld.o" -mcpu=cortex-a9 -mfpu=vfpv3 -mfloat-abi=hard -I../../spi_rev4_bsp/ps7_cortexa9_0/include -MMD -MP -MF"src/helloworld.d" -MT"src/helloworld.o" -o "src/helloworld.o" "../src/helloworld.c"
../src/helloworld.c: In function ‘main’:
../src/helloworld.c:96:6: warning: variable ‘i’ set but not used [-Wunused-but-set-variable]
  int i;
      ^
Finished building: ../src/helloworld.c
 
Building target: spi_rev4.elf
Invoking: ARM v7 gcc linker
arm-none-eabi-gcc -mcpu=cortex-a9 -mfpu=vfpv3 -mfloat-abi=hard -Wl,-build-id=none -specs=Xilinx.spec -Wl,-T -Wl,../src/lscript.ld -L../../spi_rev4_bsp/ps7_cortexa9_0/lib -o "spi_rev4.elf"  ./src/helloworld.o ./src/platform.o   -Wl,--start-group,-lxil,-lgcc,-lc,--end-group
Finished building target: spi_rev4.elf
 
Invoking: ARM v7 Print Size
arm-none-eabi-size spi_rev4.elf  |tee "spi_rev4.elf.size"
   text	   data	    bss	    dec	    hex	filename
  33048	   1200	  22644	  56892	   de3c	spi_rev4.elf
Finished building: spi_rev4.elf.size
 
20:19:55 **** Incremental Build of configuration Debug for project spi_rev4 ****
make pre-build main-build 
a9-linaro-pre-build-step
 
make: Nothing to be done for 'main-build'.
20:21:52 **** Incremental Build of configuration Debug for project spi_rev4 ****
make pre-build main-build 
a9-linaro-pre-build-step
 
make: Nothing to be done for 'main-build'.
